ARM Linker, 5.03 [Build 76] [MDK-ARM Standard]

==============================================================================

Section Cross References

    startup_stm32f4xx.o(STACK) refers (Special) to heapauxi.o(.text) for __use_two_region_memory
    startup_stm32f4xx.o(HEAP) refers (Special) to heapauxi.o(.text) for __use_two_region_memory
    startup_stm32f4xx.o(RESET) refers (Special) to heapauxi.o(.text) for __use_two_region_memory
    startup_stm32f4xx.o(RESET) refers to startup_stm32f4xx.o(STACK) for __initial_sp
    startup_stm32f4xx.o(RESET) refers to startup_stm32f4xx.o(.text) for Reset_Handler
    startup_stm32f4xx.o(RESET) refers to stm32f4xx_it.o(i.NMI_Handler) for NMI_Handler
    startup_stm32f4xx.o(RESET) refers to stm32f4xx_it.o(i.HardFault_Handler) for HardFault_Handler
    startup_stm32f4xx.o(RESET) refers to stm32f4xx_it.o(i.MemManage_Handler) for MemManage_Handler
    startup_stm32f4xx.o(RESET) refers to stm32f4xx_it.o(i.BusFault_Handler) for BusFault_Handler
    startup_stm32f4xx.o(RESET) refers to stm32f4xx_it.o(i.UsageFault_Handler) for UsageFault_Handler
    startup_stm32f4xx.o(RESET) refers to stm32f4xx_it.o(i.SVC_Handler) for SVC_Handler
    startup_stm32f4xx.o(RESET) refers to stm32f4xx_it.o(i.DebugMon_Handler) for DebugMon_Handler
    startup_stm32f4xx.o(RESET) refers to stm32f4xx_it.o(i.PendSV_Handler) for PendSV_Handler
    startup_stm32f4xx.o(RESET) refers to main.o(i.SysTick_Handler) for SysTick_Handler
    startup_stm32f4xx.o(RESET) refers to serialcom.o(i.USART2_IRQHandler) for USART2_IRQHandler
    startup_stm32f4xx.o(RESET) refers to stm32f4xx_it.o(i.SDIO_IRQHandler) for SDIO_IRQHandler
    startup_stm32f4xx.o(RESET) refers to camdrv.o(i.DCMI_IRQHandler) for DCMI_IRQHandler
    startup_stm32f4xx.o(.text) refers (Special) to heapauxi.o(.text) for __use_two_region_memory
    startup_stm32f4xx.o(.text) refers to system_stm32f4xx.o(i.SystemInit) for SystemInit
    startup_stm32f4xx.o(.text) refers to __main.o(!!!main) for __main
    startup_stm32f4xx.o(.text) refers to startup_stm32f4xx.o(HEAP) for Heap_Mem
    startup_stm32f4xx.o(.text) refers to startup_stm32f4xx.o(STACK) for Stack_Mem
    system_stm32f4xx.o(i.SystemCoreClockUpdate) refers to system_stm32f4xx.o(.data) for SystemCoreClock
    system_stm32f4xx.o(i.SystemInit) refers to system_stm32f4xx.o(i.SetSysClock) for SetSysClock
    stm32f4xx_gpio.o(i.GPIO_DeInit) refers to stm32f4xx_rcc.o(i.RCC_AHB1PeriphResetCmd) for RCC_AHB1PeriphResetCmd
    stm32f4xx_i2c.o(i.I2C_DeInit) refers to stm32f4xx_rcc.o(i.RCC_APB1PeriphResetCmd) for RCC_APB1PeriphResetCmd
    stm32f4xx_i2c.o(i.I2C_Init) refers to stm32f4xx_rcc.o(i.RCC_GetClocksFreq) for RCC_GetClocksFreq
    stm32f4xx_rcc.o(i.RCC_GetClocksFreq) refers to stm32f4xx_rcc.o(.data) for APBAHBPrescTable
    stm32f4xx_rcc.o(i.RCC_WaitForHSEStartUp) refers to stm32f4xx_rcc.o(i.RCC_GetFlagStatus) for RCC_GetFlagStatus
    stm32f4xx_usart.o(i.USART_DeInit) refers to stm32f4xx_rcc.o(i.RCC_APB2PeriphResetCmd) for RCC_APB2PeriphResetCmd
    stm32f4xx_usart.o(i.USART_DeInit) refers to stm32f4xx_rcc.o(i.RCC_APB1PeriphResetCmd) for RCC_APB1PeriphResetCmd
    stm32f4xx_usart.o(i.USART_Init) refers to stm32f4xx_rcc.o(i.RCC_GetClocksFreq) for RCC_GetClocksFreq
    stm32f4xx_spi.o(i.SPI_I2S_DeInit) refers to stm32f4xx_rcc.o(i.RCC_APB2PeriphResetCmd) for RCC_APB2PeriphResetCmd
    stm32f4xx_spi.o(i.SPI_I2S_DeInit) refers to stm32f4xx_rcc.o(i.RCC_APB1PeriphResetCmd) for RCC_APB1PeriphResetCmd
    main.o(i.Delayms) refers to main.o(.data) for d_m
    main.o(i.SysTick_Handler) refers to main.o(.data) for d_m
    main.o(i.SysTick_Handler) refers to camdrv.o(.data) for jpegCaptureTime
    main.o(i.main) refers to _printf_percent.o(.ARM.Collect$$_printf_percent$$00000000) for _printf_percent
    main.o(i.main) refers to _printf_d.o(.ARM.Collect$$_printf_percent$$00000009) for _printf_d
    main.o(i.main) refers to _printf_dec.o(.text) for _printf_int_dec
    main.o(i.main) refers to serialcom.o(i.SerComConfig) for SerComConfig
    main.o(i.main) refers to serialcom.o(i.SerComSendMessageUser) for SerComSendMessageUser
    main.o(i.main) refers to noretval__2sprintf.o(.text) for __2sprintf
    main.o(i.main) refers to sccb.o(i.SCCB_GPIO_Config) for SCCB_GPIO_Config
    main.o(i.main) refers to camdrv.o(i.Cam_Configure_Peripherals) for Cam_Configure_Peripherals
    main.o(i.main) refers to flash.o(i.Flash_Init_SPI) for Flash_Init_SPI
    main.o(i.main) refers to flash.o(i.Flash_Read) for Flash_Read
    main.o(i.main) refers to camapi.o(i.CamApi_load_default_settings) for CamApi_load_default_settings
    main.o(i.main) refers to flash.o(i.Flash_Write) for Flash_Write
    main.o(i.main) refers to camapi.o(i.CamApi_display_settings) for CamApi_display_settings
    main.o(i.main) refers to rt_memcpy_w.o(.text) for __aeabi_memcpy4
    main.o(i.main) refers to flash.o(i.Flash_Create_FS) for Flash_Create_FS
    main.o(i.main) refers to flash.o(i.Flash_Dump_filetable) for Flash_Dump_filetable
[...]
    ../clib/memcpset.s                       0x00000000   Number         0  rt_memcpy_w.o ABSOLUTE
    ../clib/memcpset.s                       0x00000000   Number         0  rt_memcpy_v6.o ABSOLUTE
    ../clib/printf.c                         0x00000000   Number         0  _printf_hex_int_ll.o ABSOLUTE
    ../clib/printf.c                         0x00000000   Number         0  _printf_hex_int.o ABSOLUTE
    ../clib/printf.c                         0x00000000   Number         0  noretval__2sprintf.o ABSOLUTE
    ../clib/printf.c                         0x00000000   Number         0  __2sprintf.o ABSOLUTE
    ../clib/printf.c                         0x00000000   Number         0  _printf_hex_ll.o ABSOLUTE
    ../clib/printf.c                         0x00000000   Number         0  _printf_dec.o ABSOLUTE
    ../clib/printf.c                         0x00000000   Number         0  __printf_flags_ss_wp.o ABSOLUTE
    ../clib/printf.c                         0x00000000   Number         0  __printf.o ABSOLUTE
    ../clib/printf.c                         0x00000000   Number         0  __printf_flags.o ABSOLUTE
    ../clib/printf.c                         0x00000000   Number         0  __printf_nopercent.o ABSOLUTE
    ../clib/printf.c                         0x00000000   Number         0  _sputc.o ABSOLUTE
    ../clib/printf.c                         0x00000000   Number         0  _printf_char_common.o ABSOLUTE
    ../clib/printf.c                         0x00000000   Number         0  _printf_intcommon.o ABSOLUTE
    ../clib/printf.c                         0x00000000   Number         0  __printf_ss_wp.o ABSOLUTE
    ../clib/printf.c                         0x00000000   Number         0  __printf_flags_wp.o ABSOLUTE
    ../clib/printf.c                         0x00000000   Number         0  __printf_wp.o ABSOLUTE
    ../clib/printf.c                         0x00000000   Number         0  __printf_flags_ss.o ABSOLUTE
    ../clib/printf.c                         0x00000000   Number         0  __printf_ss.o ABSOLUTE
    ../clib/printf.c                         0x00000000   Number         0  _printf_hex_int_ll_ptr.o ABSOLUTE
    ../clib/printf.c                         0x00000000   Number         0  _printf_hex_ll_ptr.o ABSOLUTE
    ../clib/printf.c                         0x00000000   Number         0  _printf_hex_int_ptr.o ABSOLUTE
    ../clib/printf.c                         0x00000000   Number         0  _printf_hex_ptr.o ABSOLUTE
    ../clib/printf_percent.s                 0x00000000   Number         0  _printf_percent.o ABSOLUTE
    ../clib/printf_percent.s                 0x00000000   Number         0  _printf_d.o ABSOLUTE
    ../clib/printf_percent.s                 0x00000000   Number         0  _printf_x.o ABSOLUTE
    ../clib/printf_percent.s                 0x00000000   Number         0  _printf_percent_end.o ABSOLUTE
    ../clib/signal.c                         0x00000000   Number         0  defsig_cppl_inner.o ABSOLUTE
    ../clib/signal.c                         0x00000000   Number         0  defsig_other.o ABSOLUTE
    ../clib/signal.c                         0x00000000   Number         0  defsig_segv_inner.o ABSOLUTE
    ../clib/signal.c                         0x00000000   Number         0  defsig_pvfn_inner.o ABSOLUTE
    ../clib/signal.c                         0x00000000   Number         0  defsig_abrt_inner.o ABSOLUTE
    ../clib/signal.c                         0x00000000   Number         0  defsig_fpe_inner.o ABSOLUTE
    ../clib/signal.c                         0x00000000   Number         0  defsig_rtred_inner.o ABSOLUTE
    ../clib/signal.c                         0x00000000   Number         0  defsig_stak_inner.o ABSOLUTE
    ../clib/signal.c                         0x00000000   Number         0  defsig_rtmem_outer.o ABSOLUTE
    ../clib/signal.c                         0x00000000   Number         0  defsig_rtmem_formal.o ABSOLUTE
    ../clib/signal.c                         0x00000000   Number         0  defsig_exit.o ABSOLUTE
    ../clib/signal.c                         0x00000000   Number         0  defsig_rtmem_inner.o ABSOLUTE
    ../clib/signal.c                         0x00000000   Number         0  __raise.o ABSOLUTE
    ../clib/signal.c                         0x00000000   Number         0  defsig_general.o ABSOLUTE
    ../clib/signal.s                         0x00000000   Number         0  defsig.o ABSOLUTE
    ../clib/stdlib.c                         0x00000000   Number         0  exit.o ABSOLUTE
    ../fplib/fpinit.s                        0x00000000   Number         0  fpinit.o ABSOLUTE
    ..\Libraries\STM32F4xx_StdPeriph_Driver\src\misc.c 0x00000000   Number         0  misc.o ABSOLUTE
    ..\Libraries\STM32F4xx_StdPeriph_Driver\src\stm32f4xx_dcmi.c 0x00000000   Number         0  stm32f4xx_dcmi.o ABSOLUTE
    ..\Libraries\STM32F4xx_StdPeriph_Driver\src\stm32f4xx_dma.c 0x00000000   Number         0  stm32f4xx_dma.o ABSOLUTE
    ..\Libraries\STM32F4xx_StdPeriph_Driver\src\stm32f4xx_gpio.c 0x00000000   Number         0  stm32f4xx_gpio.o ABSOLUTE
    ..\Libraries\STM32F4xx_StdPeriph_Driver\src\stm32f4xx_i2c.c 0x00000000   Number         0  stm32f4xx_i2c.o ABSOLUTE
    ..\Libraries\STM32F4xx_StdPeriph_Driver\src\stm32f4xx_rcc.c 0x00000000   Number         0  stm32f4xx_rcc.o ABSOLUTE
    ..\Libraries\STM32F4xx_StdPeriph_Driver\src\stm32f4xx_spi.c 0x00000000   Number         0  stm32f4xx_spi.o ABSOLUTE
    ..\Libraries\STM32F4xx_StdPeriph_Driver\src\stm32f4xx_usart.c 0x00000000   Number         0  stm32f4xx_usart.o ABSOLUTE
    ..\Libraries\startup_stm32f4xx.s         0x00000000   Number         0  startup_stm32f4xx.o ABSOLUTE
    ..\\Libraries\\STM32F4xx_StdPeriph_Driver\\src\\misc.c 0x00000000   Number         0  misc.o ABSOLUTE
    ..\\Libraries\\STM32F4xx_StdPeriph_Driver\\src\\stm32f4xx_dcmi.c 0x00000000   Number         0  stm32f4xx_dcmi.o ABSOLUTE
    ..\\Libraries\\STM32F4xx_StdPeriph_Driver\\src\\stm32f4xx_dma.c 0x00000000   Number         0  stm32f4xx_dma.o ABSOLUTE
    ..\\Libraries\\STM32F4xx_StdPeriph_Driver\\src\\stm32f4xx_gpio.c 0x00000000   Number         0  stm32f4xx_gpio.o ABSOLUTE
    ..\\Libraries\\STM32F4xx_StdPeriph_Driver\\src\\stm32f4xx_i2c.c 0x00000000   Number         0  stm32f4xx_i2c.o ABSOLUTE
    ..\\Libraries\\STM32F4xx_StdPeriph_Driver\\src\\stm32f4xx_rcc.c 0x00000000   Number         0  stm32f4xx_rcc.o ABSOLUTE
    ..\\Libraries\\STM32F4xx_StdPeriph_Driver\\src\\stm32f4xx_spi.c 0x00000000   Number         0  stm32f4xx_spi.o ABSOLUTE
    ..\\Libraries\\STM32F4xx_StdPeriph_Driver\\src\\stm32f4xx_usart.c 0x00000000   Number         0  stm32f4xx_usart.o ABSOLUTE
    ..\\src\\SCCB.C                          0x00000000   Number         0  sccb.o ABSOLUTE
    ..\\src\\camapi.c                        0x00000000   Number         0  camapi.o ABSOLUTE
    ..\\src\\camdrv.c                        0x00000000   Number         0  camdrv.o ABSOLUTE
    ..\\src\\flash.c                         0x00000000   Number         0  flash.o ABSOLUTE
    ..\\src\\main.c                          0x00000000   Number         0  main.o ABSOLUTE
    ..\\src\\serialcom.c                     0x00000000   Number         0  serialcom.o ABSOLUTE
    ..\\src\\stm32f4xx_it.c                  0x00000000   Number         0  stm32f4xx_it.o ABSOLUTE
    ..\\src\\system_stm32f4xx.c              0x00000000   Number         0  system_stm32f4xx.o ABSOLUTE
    ..\src\SCCB.C                            0x00000000   Number         0  sccb.o ABSOLUTE
    ..\src\camapi.c                          0x00000000   Number         0  camapi.o ABSOLUTE
    ..\src\camdrv.c                          0x00000000   Number         0  camdrv.o ABSOLUTE
    ..\src\flash.c                           0x00000000   Number         0  flash.o ABSOLUTE
    ..\src\main.c                            0x00000000   Number         0  main.o ABSOLUTE
    ..\src\serialcom.c                       0x00000000   Number         0  serialcom.o ABSOLUTE
    ..\src\stm32f4xx_it.c                    0x00000000   Number         0  stm32f4xx_it.o ABSOLUTE
    ..\src\system_stm32f4xx.c                0x00000000   Number         0  system_stm32f4xx.o ABSOLUTE
    dc.s                                     0x00000000   Number         0  dc.o ABSOLUTE
    RESET                                    0x08000000   Section      428  startup_stm32f4xx.o(RESET)
    !!!main                                  0x080001ac   Section        8  __main.o(!!!main)
    !!!scatter                               0x080001b4   Section       52  __scatter.o(!!!scatter)
    !!dczerorl2                              0x080001e8   Section       90  __dczerorl2.o(!!dczerorl2)
    !!handler_copy                           0x08000244   Section       26  __scatter_copy.o(!!handler_copy)
    !!handler_zi                             0x08000260   Section       28  __scatter_zi.o(!!handler_zi)
    .ARM.Collect$$_printf_percent$$00000000  0x0800027c   Section        0  _printf_percent.o(.ARM.Collect$$_printf_percent$$00000000)
    .ARM.Collect$$_printf_percent$$00000009  0x0800027c   Section        6  _printf_d.o(.ARM.Collect$$_printf_percent$$00000009)
    .ARM.Collect$$_printf_percent$$0000000C  0x08000282   Section        6  _printf_x.o(.ARM.Collect$$_printf_percent$$0000000C)
    .ARM.Collect$$_printf_percent$$00000017  0x08000288   Section        4  _printf_percent_end.o(.ARM.Collect$$_printf_percent$$00000017)
    .ARM.Collect$$libinit$$00000000          0x0800028c   Section        2  libinit.o(.ARM.Collect$$libinit$$00000000)
    .ARM.Collect$$libinit$$00000001          0x0800028e   Section        4  libinit2.o(.ARM.Collect$$libinit$$00000001)
    .ARM.Collect$$libinit$$00000008          0x08000292   Section        0  libinit2.o(.ARM.Collect$$libinit$$00000008)
    .ARM.Collect$$libinit$$0000000A          0x08000292   Section        0  libinit2.o(.ARM.Collect$$libinit$$0000000A)
    .ARM.Collect$$libinit$$0000000C          0x08000292   Section        0  libinit2.o(.ARM.Collect$$libinit$$0000000C)
    .ARM.Collect$$libinit$$0000000F          0x08000292   Section        0  libinit2.o(.ARM.Collect$$libinit$$0000000F)
    .ARM.Collect$$libinit$$00000011          0x08000292   Section        0  libinit2.o(.ARM.Collect$$libinit$$00000011)
    .ARM.Collect$$libinit$$00000013          0x08000292   Section        0  libinit2.o(.ARM.Collect$$libinit$$00000013)
    .ARM.Collect$$libinit$$00000015          0x08000292   Section        0  libinit2.o(.ARM.Collect$$libinit$$00000015)
    .ARM.Collect$$libinit$$00000017          0x08000292   Section        0  libinit2.o(.ARM.Collect$$libinit$$00000017)
    .ARM.Collect$$libinit$$00000019          0x08000292   Section        0  libinit2.o(.ARM.Collect$$libinit$$00000019)
    .ARM.Collect$$libinit$$0000001B          0x08000292   Section        0  libinit2.o(.ARM.Collect$$libinit$$0000001B)
    .ARM.Collect$$libinit$$0000001D          0x08000292   Section        0  libinit2.o(.ARM.Collect$$libinit$$0000001D)
    .ARM.Collect$$libinit$$0000001F          0x08000292   Section        0  libinit2.o(.ARM.Collect$$libinit$$0000001F)
    .ARM.Collect$$libinit$$00000021          0x08000292   Section        0  libinit2.o(.ARM.Collect$$libinit$$00000021)
    .ARM.Collect$$libinit$$00000023          0x08000292   Section        0  libinit2.o(.ARM.Collect$$libinit$$00000023)
    .ARM.Collect$$libinit$$0000002A          0x08000292   Section        0  libinit2.o(.ARM.Collect$$libinit$$0000002A)
    .ARM.Collect$$libinit$$0000002C          0x08000292   Section        0  libinit2.o(.ARM.Collect$$libinit$$0000002C)
    .ARM.Collect$$libinit$$0000002E          0x08000292   Section        0  libinit2.o(.ARM.Collect$$libinit$$0000002E)
    .ARM.Collect$$libinit$$00000030          0x08000292   Section        0  libinit2.o(.ARM.Collect$$libinit$$00000030)
    .ARM.Collect$$libinit$$00000031          0x08000292   Section        2  libinit2.o(.ARM.Collect$$libinit$$00000031)
    .ARM.Collect$$libshutdown$$00000000      0x08000294   Section        2  libshutdown.o(.ARM.Collect$$libshutdown$$00000000)
    .ARM.Collect$$libshutdown$$00000003      0x08000296   Section        0  libshutdown2.o(.ARM.Collect$$libshutdown$$00000003)
    .ARM.Collect$$libshutdown$$00000006      0x08000296   Section        0  libshutdown2.o(.ARM.Collect$$libshutdown$$00000006)
    .ARM.Collect$$libshutdown$$00000009      0x08000296   Section        0  libshutdown2.o(.ARM.Collect$$libshutdown$$00000009)
    .ARM.Collect$$libshutdown$$0000000B      0x08000296   Section        0  libshutdown2.o(.ARM.Collect$$libshutdown$$0000000B)
    .ARM.Collect$$libshutdown$$0000000E      0x08000296   Section        0  libshutdown2.o(.ARM.Collect$$libshutdown$$0000000E)
    .ARM.Collect$$libshutdown$$0000000F      0x08000296   Section        2  libshutdown2.o(.ARM.Collect$$libshutdown$$0000000F)
    .ARM.Collect$$rtentry$$00000000          0x08000298   Section        0  rtentry.o(.ARM.Collect$$rtentry$$00000000)
    .ARM.Collect$$rtentry$$00000002          0x08000298   Section        0  rtentry2.o(.ARM.Collect$$rtentry$$00000002)
    .ARM.Collect$$rtentry$$00000004          0x08000298   Section        6  rtentry4.o(.ARM.Collect$$rtentry$$00000004)
    .ARM.Collect$$rtentry$$00000009          0x0800029e   Section        0  rtentry2.o(.ARM.Collect$$rtentry$$00000009)
    .ARM.Collect$$rtentry$$0000000A          0x0800029e   Section        4  rtentry2.o(.ARM.Collect$$rtentry$$0000000A)
    .ARM.Collect$$rtentry$$0000000C          0x080002a2   Section        0  rtentry2.o(.ARM.Collect$$rtentry$$0000000C)
    .ARM.Collect$$rtentry$$0000000D          0x080002a2   Section        8  rtentry2.o(.ARM.Collect$$rtentry$$0000000D)
    .ARM.Collect$$rtexit$$00000000           0x080002aa   Section        2  rtexit.o(.ARM.Collect$$rtexit$$00000000)
    .ARM.Collect$$rtexit$$00000002           0x080002ac   Section        0  rtexit2.o(.ARM.Collect$$rtexit$$00000002)
    .ARM.Collect$$rtexit$$00000003           0x080002ac   Section        4  rtexit2.o(.ARM.Collect$$rtexit$$00000003)
    .ARM.Collect$$rtexit$$00000004           0x080002b0   Section        6  rtexit2.o(.ARM.Collect$$rtexit$$00000004)
    .text                                    0x080002b8   Section       64  startup_stm32f4xx.o(.text)
    $v0                                      0x080002b8   Number         0  startup_stm32f4xx.o(.text)
    .text                                    0x080002f8   Section        0  noretval__2sprintf.o(.text)
    .text                                    0x08000320   Section        0  __printf.o(.text)
    .text                                    0x08000388   Section        0  _printf_dec.o(.text)
    .text                                    0x08000400   Section        0  _printf_hex_int.o(.text)
    .text                                    0x0800045c   Section      138  rt_memcpy_v6.o(.text)
    .text                                    0x080004e6   Section      100  rt_memcpy_w.o(.text)
    .text                                    0x0800054a   Section        0  heapauxi.o(.text)
    .text                                    0x08000550   Section        0  _printf_intcommon.o(.text)
    .text                                    0x08000608   Section        0  _printf_char_common.o(.text)
    _printf_input_char                       0x08000609   Thumb Code    10  _printf_char_common.o(.text)
    .text                                    0x08000638   Section        0  _sputc.o(.text)
    .text                                    0x08000642   Section       74  sys_stackheap_outer.o(.text)
    .text                                    0x0800068c   Section        0  exit.o(.text)
    .text                                    0x08000698   Section        8  libspace.o(.text)
    .text                                    0x080006a0   Section        0  sys_exit.o(.text)
    .text                                    0x080006ac   Section        2  use_no_semi.o(.text)
    .text                                    0x080006ae   Section        0  indicate_semi.o(.text)
    i.BusFault_Handler                       0x080006ae   Section        0  stm32f4xx_it.o(i.BusFault_Handler)
    i.CamApi_Init_Regs                       0x080006b4   Section        0  camapi.o(i.CamApi_Init_Regs)
    i.CamApi_Set_Brightness                  0x080007d8   Section        0  camapi.o(i.CamApi_Set_Brightness)
    i.CamApi_Set_Contrast                    0x08000818   Section        0  camapi.o(i.CamApi_Set_Contrast)
    i.CamApi_Set_Effects                     0x08000858   Section        0  camapi.o(i.CamApi_Set_Effects)
    i.CamApi_Set_Gain                        0x08000898   Section        0  camapi.o(i.CamApi_Set_Gain)
    i.CamApi_Set_Lightmode                   0x080008b4   Section        0  camapi.o(i.CamApi_Set_Lightmode)
    i.CamApi_Set_Quality                     0x0800098e   Section        0  camapi.o(i.CamApi_Set_Quality)
    i.CamApi_Set_Register                    0x080009aa   Section        0  camapi.o(i.CamApi_Set_Register)
    i.CamApi_Set_Saturation                  0x080009d0   Section        0  camapi.o(i.CamApi_Set_Saturation)
    i.CamApi_Set_Shutter                     0x08000a10   Section        0  camapi.o(i.CamApi_Set_Shutter)
    i.CamApi_WriteTable                      0x08000a7a   Section        0  camapi.o(i.CamApi_WriteTable)
    i.CamApi_display_settings                0x08000aa4   Section        0  camapi.o(i.CamApi_display_settings)
    i.CamApi_load_default_settings           0x08000c08   Section        0  camapi.o(i.CamApi_load_default_settings)
    i.Cam_Configure_Peripherals              0x08000c38   Section        0  camdrv.o(i.Cam_Configure_Peripherals)
    i.Cam_DCMI_Config                        0x08000c68   Section        0  camdrv.o(i.Cam_DCMI_Config)
    i.Cam_DMA_Init                           0x08000dc0   Section        0  camdrv.o(i.Cam_DMA_Init)
    i.Cam_Get_Image                          0x08000e58   Section        0  camdrv.o(i.Cam_Get_Image)
    i.Cam_IO_Configure                       0x08000ee0   Section        0  camdrv.o(i.Cam_IO_Configure)
    i.Cam_Init_Power                         0x08000f18   Section        0  camdrv.o(i.Cam_Init_Power)
    i.Cam_LED                                0x08000f94   Section        0  camdrv.o(i.Cam_LED)
    i.Cam_click_images                       0x08000fa8   Section        0  camdrv.o(i.Cam_click_images)
    i.DCMI_CaptureCmd                        0x080011bc   Section        0  stm32f4xx_dcmi.o(i.DCMI_CaptureCmd)
    i.DCMI_ClearITPendingBit                 0x080011e0   Section        0  stm32f4xx_dcmi.o(i.DCMI_ClearITPendingBit)
    i.DCMI_Cmd                               0x080011ec   Section        0  stm32f4xx_dcmi.o(i.DCMI_Cmd)
    i.DCMI_DeInit                            0x08001210   Section        0  stm32f4xx_dcmi.o(i.DCMI_DeInit)
    i.DCMI_GetITStatus                       0x0800122c   Section        0  stm32f4xx_dcmi.o(i.DCMI_GetITStatus)
    i.DCMI_IRQHandler                        0x08001248   Section        0  camdrv.o(i.DCMI_IRQHandler)
    i.DCMI_ITConfig                          0x08001264   Section        0  stm32f4xx_dcmi.o(i.DCMI_ITConfig)
    i.DCMI_Init                              0x08001288   Section        0  stm32f4xx_dcmi.o(i.DCMI_Init)
    i.DCMI_JPEGCmd                           0x080012c8   Section        0  stm32f4xx_dcmi.o(i.DCMI_JPEGCmd)
    i.DMA_Cmd                                0x080012ec   Section        0  stm32f4xx_dma.o(i.DMA_Cmd)
    i.DMA_DeInit                             0x08001304   Section        0  stm32f4xx_dma.o(i.DMA_DeInit)
    i.DMA_Init                               0x0800145c   Section        0  stm32f4xx_dma.o(i.DMA_Init)
    i.DebugMon_Handler                       0x080014b4   Section        0  stm32f4xx_it.o(i.DebugMon_Handler)
    i.Delayms                                0x080014b8   Section        0  main.o(i.Delayms)
    i.FlashCloseFile                         0x080014cc   Section        0  flash.o(i.FlashCloseFile)
    i.FlashCreateNewFile                     0x08001520   Section        0  flash.o(i.FlashCreateNewFile)
    i.FlashFileWrite                         0x080016a4   Section        0  flash.o(i.FlashFileWrite)
    i.Flash_Configure_Pagesz                 0x080016f8   Section        0  flash.o(i.Flash_Configure_Pagesz)
    i.Flash_Create_FS                        0x0800176c   Section        0  flash.o(i.Flash_Create_FS)
    i.Flash_Dump_filetable                   0x080017f8   Section        0  flash.o(i.Flash_Dump_filetable)
    i.Flash_Init_SPI                         0x0800198c   Section        0  flash.o(i.Flash_Init_SPI)
    i.Flash_Read                             0x08001a74   Section        0  flash.o(i.Flash_Read)
    i.Flash_Sector_Erase                     0x08001ae4   Section        0  flash.o(i.Flash_Sector_Erase)
    i.Flash_Spi_TxRx                         0x08001b20   Section        0  flash.o(i.Flash_Spi_TxRx)
    i.Flash_Write                            0x08001b5c   Section        0  flash.o(i.Flash_Write)
    i.Flash_convert_addr                     0x08001bf8   Section        0  flash.o(i.Flash_convert_addr)
    i.Flash_dis_sect_prot                    0x08001c0c   Section        0  flash.o(i.Flash_dis_sect_prot)
    i.Flash_dump_imagedata                   0x08001c40   Section        0  flash.o(i.Flash_dump_imagedata)
    i.Flash_get_file_size                    0x08001cd8   Section        0  flash.o(i.Flash_get_file_size)
    i.Flash_init                             0x08001d58   Section        0  flash.o(i.Flash_init)
    i.Flash_read_status                      0x08001e9c   Section        0  flash.o(i.Flash_read_status)
    i.Flash_wait_busy                        0x08001ee0   Section        0  flash.o(i.Flash_wait_busy)
    i.Flash_wr_mem                           0x08001f50   Section        0  flash.o(i.Flash_wr_mem)
    i.GPIO_Init                              0x08001fa8   Section        0  stm32f4xx_gpio.o(i.GPIO_Init)
    i.GPIO_PinAFConfig                       0x08002038   Section        0  stm32f4xx_gpio.o(i.GPIO_PinAFConfig)
    i.GPIO_ResetBits                         0x0800207e   Section        0  stm32f4xx_gpio.o(i.GPIO_ResetBits)
    i.GPIO_SetBits                           0x08002082   Section        0  stm32f4xx_gpio.o(i.GPIO_SetBits)
    i.GPIO_WriteBit                          0x08002086   Section        0  stm32f4xx_gpio.o(i.GPIO_WriteBit)
    i.HardFault_Handler                      0x08002090   Section        0  stm32f4xx_it.o(i.HardFault_Handler)
    i.I2C_AcknowledgeConfig                  0x08002094   Section        0  stm32f4xx_i2c.o(i.I2C_AcknowledgeConfig)
    i.I2C_CheckEvent                         0x080020ac   Section        0  stm32f4xx_i2c.o(i.I2C_CheckEvent)
    i.I2C_Cmd                                0x080020d6   Section        0  stm32f4xx_i2c.o(i.I2C_Cmd)
    i.I2C_DeInit                             0x080020f0   Section        0  stm32f4xx_i2c.o(i.I2C_DeInit)
    i.I2C_GenerateSTART                      0x08002150   Section        0  stm32f4xx_i2c.o(i.I2C_GenerateSTART)
    i.I2C_GenerateSTOP                       0x08002168   Section        0  stm32f4xx_i2c.o(i.I2C_GenerateSTOP)
    i.I2C_Init                               0x08002180   Section        0  stm32f4xx_i2c.o(i.I2C_Init)
    i.I2C_ReceiveData                        0x08002268   Section        0  stm32f4xx_i2c.o(i.I2C_ReceiveData)
    i.I2C_Send7bitAddress                    0x08002270   Section        0  stm32f4xx_i2c.o(i.I2C_Send7bitAddress)
    i.I2C_SendData                           0x08002280   Section        0  stm32f4xx_i2c.o(i.I2C_SendData)
    i.MemManage_Handler                      0x08002284   Section        0  stm32f4xx_it.o(i.MemManage_Handler)
    i.NMI_Handler                            0x08002288   Section        0  stm32f4xx_it.o(i.NMI_Handler)
    i.NVIC_Init                              0x0800228c   Section        0  misc.o(i.NVIC_Init)
    i.NVIC_PriorityGroupConfig               0x08002304   Section        0  misc.o(i.NVIC_PriorityGroupConfig)
    i.PendSV_Handler                         0x08002318   Section        0  stm32f4xx_it.o(i.PendSV_Handler)
    i.RCC_AHB1PeriphClockCmd                 0x0800231c   Section        0  stm32f4xx_rcc.o(i.RCC_AHB1PeriphClockCmd)
    i.RCC_AHB2PeriphClockCmd                 0x0800233c   Section        0  stm32f4xx_rcc.o(i.RCC_AHB2PeriphClockCmd)
    i.RCC_APB1PeriphClockCmd                 0x0800235c   Section        0  stm32f4xx_rcc.o(i.RCC_APB1PeriphClockCmd)
    i.RCC_APB1PeriphResetCmd                 0x0800237c   Section        0  stm32f4xx_rcc.o(i.RCC_APB1PeriphResetCmd)
    i.RCC_APB2PeriphClockCmd                 0x0800239c   Section        0  stm32f4xx_rcc.o(i.RCC_APB2PeriphClockCmd)
    i.RCC_ClockSecuritySystemCmd             0x080023bc   Section        0  stm32f4xx_rcc.o(i.RCC_ClockSecuritySystemCmd)
    i.RCC_GetClocksFreq                      0x080023c8   Section        0  stm32f4xx_rcc.o(i.RCC_GetClocksFreq)
    i.RCC_MCO1Config                         0x080024b0   Section        0  stm32f4xx_rcc.o(i.RCC_MCO1Config)
    i.SCCBSetAdress                          0x080024cc   Section        0  sccb.o(i.SCCBSetAdress)
    i.SCCB_GPIO_Config                       0x080024d8   Section        0  sccb.o(i.SCCB_GPIO_Config)
    i.SCCB_Read                              0x0800257c   Section        0  sccb.o(i.SCCB_Read)
    i.SCCB_Write                             0x08002714   Section        0  sccb.o(i.SCCB_Write)
    i.SDIO_IRQHandler                        0x080027e0   Section        0  stm32f4xx_it.o(i.SDIO_IRQHandler)
    i.SPI_Cmd                                0x080027e2   Section        0  stm32f4xx_spi.o(i.SPI_Cmd)
    i.SPI_Init                               0x080027fa   Section        0  stm32f4xx_spi.o(i.SPI_Init)
    i.SVC_Handler                            0x08002836   Section        0  stm32f4xx_it.o(i.SVC_Handler)
    i.SerComCalculateUsedSpace               0x08002838   Section        0  serialcom.o(i.SerComCalculateUsedSpace)
    i.SerComConfig                           0x0800287c   Section        0  serialcom.o(i.SerComConfig)
    i.SerComParseByte                        0x080029b8   Section        0  serialcom.o(i.SerComParseByte)
    i.SerComProcess                          0x08002be8   Section        0  serialcom.o(i.SerComProcess)
    i.SerComSendArr                          0x08002d08   Section        0  serialcom.o(i.SerComSendArr)
    i.SerComSendByte                         0x08002d24   Section        0  serialcom.o(i.SerComSendByte)
    i.SerComSendMessageUser                  0x08002d54   Section        0  serialcom.o(i.SerComSendMessageUser)
    i.SerComSendRsp                          0x08002d80   Section        0  serialcom.o(i.SerComSendRsp)
    i.SetSysClock                            0x08002dc0   Section        0  system_stm32f4xx.o(i.SetSysClock)
    SetSysClock                              0x08002dc1   Thumb Code   140  system_stm32f4xx.o(i.SetSysClock)
    i.SysTick_Handler                        0x08002e5c   Section        0  main.o(i.SysTick_Handler)
    i.SystemInit                             0x08002e80   Section        0  system_stm32f4xx.o(i.SystemInit)
    i.USART2_IRQHandler                      0x08002ee8   Section        0  serialcom.o(i.USART2_IRQHandler)
    i.USART_Cmd                              0x08002f50   Section        0  stm32f4xx_usart.o(i.USART_Cmd)
    i.USART_GetFlagStatus                    0x08002f68   Section        0  stm32f4xx_usart.o(i.USART_GetFlagStatus)
    i.USART_GetITStatus                      0x08002f82   Section        0  stm32f4xx_usart.o(i.USART_GetITStatus)
    i.USART_ITConfig                         0x08002fd6   Section        0  stm32f4xx_usart.o(i.USART_ITConfig)
    i.USART_Init                             0x08003020   Section        0  stm32f4xx_usart.o(i.USART_Init)
    i.USART_SendData                         0x080030f4   Section        0  stm32f4xx_usart.o(i.USART_SendData)
    i.UsageFault_Handler                     0x080030fc   Section        0  stm32f4xx_it.o(i.UsageFault_Handler)
    i.enable_clock                           0x08003100   Section        0  camdrv.o(i.enable_clock)
    i.main                                   0x08003150   Section        0  main.o(i.main)
    x$fpl$fpinit                             0x080033e4   Section       10  fpinit.o(x$fpl$fpinit)
    $v0                                      0x080033e4   Number         0  fpinit.o(x$fpl$fpinit)
    .constdata                               0x080033ee   Section     3462  camapi.o(.constdata)
    effects_regs                             0x080033ee   Data          45  camapi.o(.constdata)
    AR_OV2640_1280x1024_JPEG                 0x0800341b   Data          82  camapi.o(.constdata)
    AR_OV2640_1600x1200_JPEG                 0x0800346d   Data          82  camapi.o(.constdata)
    AR_OV2640_YUV422                         0x080034bf   Data          20  camapi.o(.constdata)
    AR_OV2640_JPEG                           0x080034d3   Data          18  camapi.o(.constdata)
    AR_OV2640_JPEG_INIT                      0x080034e5   Data         382  camapi.o(.constdata)
    OV2640_AUTOEXPOSURE_LEVEL                0x08003663   Data          50  camapi.o(.constdata)
    brightness_regs                          0x08003695   Data          30  camapi.o(.constdata)
    contrast_regs                            0x080036b3   Data          42  camapi.o(.constdata)
    saturation_regs                          0x080036dd   Data          30  camapi.o(.constdata)
    .constdata                               0x08004174   Section       16  flash.o(.constdata)
    .constdata                               0x08004184   Section       40  _printf_hex_int.o(.constdata)
    uc_hextab                                0x08004184   Data          20  _printf_hex_int.o(.constdata)
    lc_hextab                                0x08004198   Data          20  _printf_hex_int.o(.constdata)
    .cmm                                     0x10000000   Section    65536  camdrv.o(.cmm)
    .data                                    0x20000000   Section       20  system_stm32f4xx.o(.data)
    .data                                    0x20000014   Section       16  stm32f4xx_rcc.o(.data)
    APBAHBPrescTable                         0x20000014   Data          16  stm32f4xx_rcc.o(.data)
    .data                                    0x20000024   Section        4  main.o(.data)
    .data                                    0x20000028   Section        5  serialcom.o(.data)
    .data                                    0x20000030   Section        5  sccb.o(.data)
    .data                                    0x20000038   Section        4  flash.o(.data)
    .data                                    0x2000003c   Section       12  camdrv.o(.data)
    .bss                                     0x20000048   Section       52  serialcom.o(.bss)
    .bss                                     0x2000007c   Section       10  camapi.o(.bss)
    .bss                                     0x20000088   Section      608  flash.o(.bss)
    .bss                                     0x200002e8   Section    180320  camdrv.o(.bss)
    .bss                                     0x2002c348   Section       96  libspace.o(.bss)
    HEAP                                     0x2002c3a8   Section     2048  startup_stm32f4xx.o(HEAP)
    Heap_Mem                                 0x2002c3a8   Data        2048  startup_stm32f4xx.o(HEAP)
    STACK                                    0x2002cba8   Section     2048  startup_stm32f4xx.o(STACK)
    Stack_Mem                                0x2002cba8   Data        2048  startup_stm32f4xx.o(STACK)
    __initial_sp                             0x2002d3a8   Data           0  startup_stm32f4xx.o(STACK)

    Global Symbols

    Symbol Name                              Value     Ov Type        Size  Object(Section)

    BuildAttributes$$THM_ISAv4$E$P$D$K$B$S$7EM$VFPi3$EXTD16$VFPS$VFMA$PE$A:L22UL41UL21$X:L11$S22US41US21$IEEE1$IW$USESV6$~STKCKD$USESV7$~SHL$OSPACE$ROPI$EBA8$UX$STANDARDLIB$REQ8$PRES8$EABIv2 0x00000000   Number         0  anon$$obj.o ABSOLUTE
    __ARM_use_no_argv                        0x00000000   Number         0  main.o ABSOLUTE
    __ARM_exceptions_init                     - Undefined Weak Reference
    __alloca_initialize                       - Undefined Weak Reference
    __cpp_initialize__aeabi_                  - Undefined Weak Reference
    __cxa_finalize                            - Undefined Weak Reference
    __rt_locale                               - Undefined Weak Reference
    __sigvec_lookup                           - Undefined Weak Reference
    _atexit_init                              - Undefined Weak Reference
    _call_atexit_fns                          - Undefined Weak Reference
    _clock_init                               - Undefined Weak Reference
    _fp_trap_init                             - Undefined Weak Reference
    _fp_trap_shutdown                         - Undefined Weak Reference
    _get_lc_collate                           - Undefined Weak Reference
    _get_lc_ctype                             - Undefined Weak Reference
    _get_lc_monetary                          - Undefined Weak Reference
    _get_lc_numeric                           - Undefined Weak Reference
    _get_lc_time                              - Undefined Weak Reference
    _getenv_init                              - Undefined Weak Reference
    _handle_redirection                       - Undefined Weak Reference
    _init_alloc                               - Undefined Weak Reference
    _init_user_alloc                          - Undefined Weak Reference
    _initio                                   - Undefined Weak Reference
    _printf_post_padding                      - Undefined Weak Reference
    _printf_pre_padding                       - Undefined Weak Reference
    _printf_truncate_signed                   - Undefined Weak Reference
    _printf_truncate_unsigned                 - Undefined Weak Reference
    _rand_init                                - Undefined Weak Reference
    _signal_finish                            - Undefined Weak Reference
    _signal_init                              - Undefined Weak Reference
    _terminate_alloc                          - Undefined Weak Reference
    _terminate_user_alloc                     - Undefined Weak Reference
    _terminateio                              - Undefined Weak Reference
    __Vectors_Size                           0x000001ac   Number         0  startup_stm32f4xx.o ABSOLUTE
    __Vectors                                0x08000000   Data           4  startup_stm32f4xx.o(RESET)
    __Vectors_End                            0x080001ac   Data           0  startup_stm32f4xx.o(RESET)
    __main                                   0x080001ad   Thumb Code     8  __main.o(!!!main)
    __scatterload                            0x080001b5   Thumb Code     0  __scatter.o(!!!scatter)
    __scatterload_rt2                        0x080001b5   Thumb Code    44  __scatter.o(!!!scatter)
    __scatterload_rt2_thumb_only             0x080001b5   Thumb Code     0  __scatter.o(!!!scatter)
    __scatterload_null                       0x080001c3   Thumb Code     0  __scatter.o(!!!scatter)
    __decompress                             0x080001e9   Thumb Code    90  __dczerorl2.o(!!dczerorl2)
    __decompress1                            0x080001e9   Thumb Code     0  __dczerorl2.o(!!dczerorl2)
    __scatterload_copy                       0x08000245   Thumb Code    26  __scatter_copy.o(!!handler_copy)
    __scatterload_zeroinit                   0x08000261   Thumb Code    28  __scatter_zi.o(!!handler_zi)
    _printf_d                                0x0800027d   Thumb Code     0  _printf_d.o(.ARM.Collect$$_printf_percent$$00000009)
    _printf_percent                          0x0800027d   Thumb Code     0  _printf_percent.o(.ARM.Collect$$_printf_percent$$00000000)
    _printf_x                                0x08000283   Thumb Code     0  _printf_x.o(.ARM.Collect$$_printf_percent$$0000000C)
    _printf_percent_end                      0x08000289   Thumb Code     0  _printf_percent_end.o(.ARM.Collect$$_printf_percent$$00000017)
    __rt_lib_init                            0x0800028d   Thumb Code     0  libinit.o(.ARM.Collect$$libinit$$00000000)
    __rt_lib_init_fp_1                       0x0800028f   Thumb Code     0  libinit2.o(.ARM.Collect$$libinit$$00000001)
    __rt_lib_init_alloca_1                   0x08000293   Thumb Code     0  libinit2.o(.ARM.Collect$$libinit$$0000002C)
    __rt_lib_init_argv_1                     0x08000293   Thumb Code     0  libinit2.o(.ARM.Collect$$libinit$$0000002A)
    __rt_lib_init_atexit_1                   0x08000293   Thumb Code     0  libinit2.o(.ARM.Collect$$libinit$$00000019)
    __rt_lib_init_clock_1                    0x08000293   Thumb Code     0  libinit2.o(.ARM.Collect$$libinit$$0000001F)
    __rt_lib_init_cpp_1                      0x08000293   Thumb Code     0  libinit2.o(.ARM.Collect$$libinit$$00000030)
    __rt_lib_init_exceptions_1               0x08000293   Thumb Code     0  libinit2.o(.ARM.Collect$$libinit$$0000002E)
    __rt_lib_init_fp_trap_1                  0x08000293   Thumb Code     0  libinit2.o(.ARM.Collect$$libinit$$0000001D)
    __rt_lib_init_getenv_1                   0x08000293   Thumb Code     0  libinit2.o(.ARM.Collect$$libinit$$00000021)
    __rt_lib_init_heap_1                     0x08000293   Thumb Code     0  libinit2.o(.ARM.Collect$$libinit$$00000008)
    __rt_lib_init_lc_collate_1               0x08000293   Thumb Code     0  libinit2.o(.ARM.Collect$$libinit$$0000000F)
    __rt_lib_init_lc_ctype_1                 0x08000293   Thumb Code     0  libinit2.o(.ARM.Collect$$libinit$$00000011)
    __rt_lib_init_lc_monetary_1              0x08000293   Thumb Code     0  libinit2.o(.ARM.Collect$$libinit$$00000013)
    __rt_lib_init_lc_numeric_1               0x08000293   Thumb Code     0  libinit2.o(.ARM.Collect$$libinit$$00000015)
    __rt_lib_init_lc_time_1                  0x08000293   Thumb Code     0  libinit2.o(.ARM.Collect$$libinit$$00000017)
    __rt_lib_init_rand_1                     0x08000293   Thumb Code     0  libinit2.o(.ARM.Collect$$libinit$$0000000C)
    __rt_lib_init_return                     0x08000293   Thumb Code     0  libinit2.o(.ARM.Collect$$libinit$$00000031)
    __rt_lib_init_signal_1                   0x08000293   Thumb Code     0  libinit2.o(.ARM.Collect$$libinit$$0000001B)
    __rt_lib_init_stdio_1                    0x08000293   Thumb Code     0  libinit2.o(.ARM.Collect$$libinit$$00000023)
    __rt_lib_init_user_alloc_1               0x08000293   Thumb Code     0  libinit2.o(.ARM.Collect$$libinit$$0000000A)
    __rt_lib_shutdown                        0x08000295   Thumb Code     0  libshutdown.o(.ARM.Collect$$libshutdown$$00000000)
    __rt_lib_shutdown_fp_trap_1              0x08000297   Thumb Code     0  libshutdown2.o(.ARM.Collect$$libshutdown$$00000006)
    __rt_lib_shutdown_heap_1                 0x08000297   Thumb Code     0  libshutdown2.o(.ARM.Collect$$libshutdown$$0000000E)
    __rt_lib_shutdown_return                 0x08000297   Thumb Code     0  libshutdown2.o(.ARM.Collect$$libshutdown$$0000000F)
    __rt_lib_shutdown_signal_1               0x08000297   Thumb Code     0  libshutdown2.o(.ARM.Collect$$libshutdown$$00000009)
    __rt_lib_shutdown_stdio_1                0x08000297   Thumb Code     0  libshutdown2.o(.ARM.Collect$$libshutdown$$00000003)
    __rt_lib_shutdown_user_alloc_1           0x08000297   Thumb Code     0  libshutdown2.o(.ARM.Collect$$libshutdown$$0000000B)
    __rt_entry                               0x08000299   Thumb Code     0  rtentry.o(.ARM.Collect$$rtentry$$00000000)
    __rt_entry_presh_1                       0x08000299   Thumb Code     0  rtentry2.o(.ARM.Collect$$rtentry$$00000002)
    __rt_entry_sh                            0x08000299   Thumb Code     0  rtentry4.o(.ARM.Collect$$rtentry$$00000004)
    __rt_entry_li                            0x0800029f   Thumb Code     0  rtentry2.o(.ARM.Collect$$rtentry$$0000000A)
    __rt_entry_postsh_1                      0x0800029f   Thumb Code     0  rtentry2.o(.ARM.Collect$$rtentry$$00000009)
    __rt_entry_main                          0x080002a3   Thumb Code     0  rtentry2.o(.ARM.Collect$$rtentry$$0000000D)
    __rt_entry_postli_1                      0x080002a3   Thumb Code     0  rtentry2.o(.ARM.Collect$$rtentry$$0000000C)
    __rt_exit                                0x080002ab   Thumb Code     0  rtexit.o(.ARM.Collect$$rtexit$$00000000)
    __rt_exit_ls                             0x080002ad   Thumb Code     0  rtexit2.o(.ARM.Collect$$rtexit$$00000003)
    __rt_exit_prels_1                        0x080002ad   Thumb Code     0  rtexit2.o(.ARM.Collect$$rtexit$$00000002)
    __rt_exit_exit                           0x080002b1   Thumb Code     0  rtexit2.o(.ARM.Collect$$rtexit$$00000004)
    Reset_Handler                            0x080002b9   Thumb Code     8  startup_stm32f4xx.o(.text)
    ADC_IRQHandler                           0x080002d3   Thumb Code     0  startup_stm32f4xx.o(.text)
    CAN1_RX0_IRQHandler                      0x080002d3   Thumb Code     0  startup_stm32f4xx.o(.text)
    CAN1_RX1_IRQHandler                      0x080002d3   Thumb Code     0  startup_stm32f4xx.o(.text)
    CAN1_SCE_IRQHandler                      0x080002d3   Thumb Code     0  startup_stm32f4xx.o(.text)
    CAN1_TX_IRQHandler                       0x080002d3   Thumb Code     0  startup_stm32f4xx.o(.text)
    CAN2_RX0_IRQHandler                      0x080002d3   Thumb Code     0  startup_stm32f4xx.o(.text)
    CAN2_RX1_IRQHandler                      0x080002d3   Thumb Code     0  startup_stm32f4xx.o(.text)
    CAN2_SCE_IRQHandler                      0x080002d3   Thumb Code     0  startup_stm32f4xx.o(.text)
    CAN2_TX_IRQHandler                       0x080002d3   Thumb Code     0  startup_stm32f4xx.o(.text)
    CRYP_IRQHandler                          0x080002d3   Thumb Code     0  startup_stm32f4xx.o(.text)
    DMA1_Stream0_IRQHandler                  0x080002d3   Thumb Code     0  startup_stm32f4xx.o(.text)
    DMA1_Stream1_IRQHandler                  0x080002d3   Thumb Code     0  startup_stm32f4xx.o(.text)
    DMA1_Stream2_IRQHandler                  0x080002d3   Thumb Code     0  startup_stm32f4xx.o(.text)
    DMA1_Stream3_IRQHandler                  0x080002d3   Thumb Code     0  startup_stm32f4xx.o(.text)
    DMA1_Stream4_IRQHandler                  0x080002d3   Thumb Code     0  startup_stm32f4xx.o(.text)
    DMA1_Stream5_IRQHandler                  0x080002d3   Thumb Code     0  startup_stm32f4xx.o(.text)
    DMA1_Stream6_IRQHandler                  0x080002d3   Thumb Code     0  startup_stm32f4xx.o(.text)
    DMA1_Stream7_IRQHandler                  0x080002d3   Thumb Code     0  startup_stm32f4xx.o(.text)
    DMA2D_IRQHandler                         0x080002d3   Thumb Code     0  startup_stm32f4xx.o(.text)
    DMA2_Stream0_IRQHandler                  0x080002d3   Thumb Code     0  startup_stm32f4xx.o(.text)
    DMA2_Stream1_IRQHandler                  0x080002d3   Thumb Code     0  startup_stm32f4xx.o(.text)
    DMA2_Stream2_IRQHandler                  0x080002d3   Thumb Code     0  startup_stm32f4xx.o(.text)
    DMA2_Stream3_IRQHandler                  0x080002d3   Thumb Code     0  startup_stm32f4xx.o(.text)
    DMA2_Stream4_IRQHandler                  0x080002d3   Thumb Code     0  startup_stm32f4xx.o(.text)
    DMA2_Stream5_IRQHandler                  0x080002d3   Thumb Code     0  startup_stm32f4xx.o(.text)
    DMA2_Stream6_IRQHandler                  0x080002d3   Thumb Code     0  startup_stm32f4xx.o(.text)
    DMA2_Stream7_IRQHandler                  0x080002d3   Thumb Code     0  startup_stm32f4xx.o(.text)
    ETH_IRQHandler                           0x080002d3   Thumb Code     0  startup_stm32f4xx.o(.text)
    ETH_WKUP_IRQHandler                      0x080002d3   Thumb Code     0  startup_stm32f4xx.o(.text)
    EXTI0_IRQHandler                         0x080002d3   Thumb Code     0  startup_stm32f4xx.o(.text)
    EXTI15_10_IRQHandler                     0x080002d3   Thumb Code     0  startup_stm32f4xx.o(.text)
    EXTI1_IRQHandler                         0x080002d3   Thumb Code     0  startup_stm32f4xx.o(.text)
    EXTI2_IRQHandler                         0x080002d3   Thumb Code     0  startup_stm32f4xx.o(.text)
    EXTI3_IRQHandler                         0x080002d3   Thumb Code     0  startup_stm32f4xx.o(.text)
    EXTI4_IRQHandler                         0x080002d3   Thumb Code     0  startup_stm32f4xx.o(.text)
    EXTI9_5_IRQHandler                       0x080002d3   Thumb Code     0  startup_stm32f4xx.o(.text)
    FLASH_IRQHandler                         0x080002d3   Thumb Code     0  startup_stm32f4xx.o(.text)
    FMC_IRQHandler                           0x080002d3   Thumb Code     0  startup_stm32f4xx.o(.text)
    FPU_IRQHandler                           0x080002d3   Thumb Code     0  startup_stm32f4xx.o(.text)
    HASH_RNG_IRQHandler                      0x080002d3   Thumb Code     0  startup_stm32f4xx.o(.text)
    I2C1_ER_IRQHandler                       0x080002d3   Thumb Code     0  startup_stm32f4xx.o(.text)
    I2C1_EV_IRQHandler                       0x080002d3   Thumb Code     0  startup_stm32f4xx.o(.text)
    I2C2_ER_IRQHandler                       0x080002d3   Thumb Code     0  startup_stm32f4xx.o(.text)
    I2C2_EV_IRQHandler                       0x080002d3   Thumb Code     0  startup_stm32f4xx.o(.text)
    I2C3_ER_IRQHandler                       0x080002d3   Thumb Code     0  startup_stm32f4xx.o(.text)
    I2C3_EV_IRQHandler                       0x080002d3   Thumb Code     0  startup_stm32f4xx.o(.text)
    LTDC_ER_IRQHandler                       0x080002d3   Thumb Code     0  startup_stm32f4xx.o(.text)
    LTDC_IRQHandler                          0x080002d3   Thumb Code     0  startup_stm32f4xx.o(.text)
    OTG_FS_IRQHandler                        0x080002d3   Thumb Code     0  startup_stm32f4xx.o(.text)
    OTG_FS_WKUP_IRQHandler                   0x080002d3   Thumb Code     0  startup_stm32f4xx.o(.text)
    OTG_HS_EP1_IN_IRQHandler                 0x080002d3   Thumb Code     0  startup_stm32f4xx.o(.text)
    OTG_HS_EP1_OUT_IRQHandler                0x080002d3   Thumb Code     0  startup_stm32f4xx.o(.text)
    OTG_HS_IRQHandler                        0x080002d3   Thumb Code     0  startup_stm32f4xx.o(.text)
    OTG_HS_WKUP_IRQHandler                   0x080002d3   Thumb Code     0  startup_stm32f4xx.o(.text)
    PVD_IRQHandler                           0x080002d3   Thumb Code     0  startup_stm32f4xx.o(.text)
    RCC_IRQHandler                           0x080002d3   Thumb Code     0  startup_stm32f4xx.o(.text)
    RTC_Alarm_IRQHandler                     0x080002d3   Thumb Code     0  startup_stm32f4xx.o(.text)
    RTC_WKUP_IRQHandler                      0x080002d3   Thumb Code     0  startup_stm32f4xx.o(.text)
    SAI1_IRQHandler                          0x080002d3   Thumb Code     0  startup_stm32f4xx.o(.text)
    SPI1_IRQHandler                          0x080002d3   Thumb Code     0  startup_stm32f4xx.o(.text)
    SPI2_IRQHandler                          0x080002d3   Thumb Code     0  startup_stm32f4xx.o(.text)
    SPI3_IRQHandler                          0x080002d3   Thumb Code     0  startup_stm32f4xx.o(.text)
    SPI4_IRQHandler                          0x080002d3   Thumb Code     0  startup_stm32f4xx.o(.text)
    SPI5_IRQHandler                          0x080002d3   Thumb Code     0  startup_stm32f4xx.o(.text)
    SPI6_IRQHandler                          0x080002d3   Thumb Code     0  startup_stm32f4xx.o(.text)
    TAMP_STAMP_IRQHandler                    0x080002d3   Thumb Code     0  startup_stm32f4xx.o(.text)
    TIM1_BRK_TIM9_IRQHandler                 0x080002d3   Thumb Code     0  startup_stm32f4xx.o(.text)
    TIM1_CC_IRQHandler                       0x080002d3   Thumb Code     0  startup_stm32f4xx.o(.text)
    TIM1_TRG_COM_TIM11_IRQHandler            0x080002d3   Thumb Code     0  startup_stm32f4xx.o(.text)
    TIM1_UP_TIM10_IRQHandler                 0x080002d3   Thumb Code     0  startup_stm32f4xx.o(.text)
    TIM2_IRQHandler                          0x080002d3   Thumb Code     0  startup_stm32f4xx.o(.text)
    TIM3_IRQHandler                          0x080002d3   Thumb Code     0  startup_stm32f4xx.o(.text)
    TIM4_IRQHandler                          0x080002d3   Thumb Code     0  startup_stm32f4xx.o(.text)
    TIM5_IRQHandler                          0x080002d3   Thumb Code     0  startup_stm32f4xx.o(.text)
    TIM6_DAC_IRQHandler                      0x080002d3   Thumb Code     0  startup_stm32f4xx.o(.text)
    TIM7_IRQHandler                          0x080002d3   Thumb Code     0  startup_stm32f4xx.o(.text)
    TIM8_BRK_TIM12_IRQHandler                0x080002d3   Thumb Code     0  startup_stm32f4xx.o(.text)
    TIM8_CC_IRQHandler                       0x080002d3   Thumb Code     0  startup_stm32f4xx.o(.text)
    TIM8_TRG_COM_TIM14_IRQHandler            0x080002d3   Thumb Code     0  startup_stm32f4xx.o(.text)
    TIM8_UP_TIM13_IRQHandler                 0x080002d3   Thumb Code     0  startup_stm32f4xx.o(.text)
    UART4_IRQHandler                         0x080002d3   Thumb Code     0  startup_stm32f4xx.o(.text)
    UART5_IRQHandler                         0x080002d3   Thumb Code     0  startup_stm32f4xx.o(.text)
    UART7_IRQHandler                         0x080002d3   Thumb Code     0  startup_stm32f4xx.o(.text)
    UART8_IRQHandler                         0x080002d3   Thumb Code     0  startup_stm32f4xx.o(.text)
    USART1_IRQHandler                        0x080002d3   Thumb Code     0  startup_stm32f4xx.o(.text)
    USART3_IRQHandler                        0x080002d3   Thumb Code     0  startup_stm32f4xx.o(.text)
    USART6_IRQHandler                        0x080002d3   Thumb Code     0  startup_stm32f4xx.o(.text)
    WWDG_IRQHandler                          0x080002d3   Thumb Code     0  startup_stm32f4xx.o(.text)
    __user_initial_stackheap                 0x080002d5   Thumb Code     0  startup_stm32f4xx.o(.text)
    __2sprintf                               0x080002f9   Thumb Code    34  noretval__2sprintf.o(.text)
    __printf                                 0x08000321   Thumb Code   104  __printf.o(.text)
    _printf_int_dec                          0x08000389   Thumb Code   102  _printf_dec.o(.text)
    _printf_int_hex                          0x08000401   Thumb Code    88  _printf_hex_int.o(.text)
    _printf_longlong_hex                     0x08000401   Thumb Code     0  _printf_hex_int.o(.text)
    __aeabi_memcpy                           0x0800045d   Thumb Code     0  rt_memcpy_v6.o(.text)
    __rt_memcpy                              0x0800045d   Thumb Code   138  rt_memcpy_v6.o(.text)
    _memcpy_lastbytes                        0x080004c3   Thumb Code     0  rt_memcpy_v6.o(.text)
    __aeabi_memcpy4                          0x080004e7   Thumb Code     0  rt_memcpy_w.o(.text)
    __aeabi_memcpy8                          0x080004e7   Thumb Code     0  rt_memcpy_w.o(.text)
    __rt_memcpy_w                            0x080004e7   Thumb Code   100  rt_memcpy_w.o(.text)
    _memcpy_lastbytes_aligned                0x0800052f   Thumb Code     0  rt_memcpy_w.o(.text)
    __use_two_region_memory                  0x0800054b   Thumb Code     2  heapauxi.o(.text)
    __rt_heap_escrow$2region                 0x0800054d   Thumb Code     2  heapauxi.o(.text)
    __rt_heap_expand$2region                 0x0800054f   Thumb Code     2  heapauxi.o(.text)
    _printf_int_common                       0x08000551   Thumb Code   184  _printf_intcommon.o(.text)
    _printf_char_common                      0x08000613   Thumb Code    32  _printf_char_common.o(.text)
    _sputc                                   0x08000639   Thumb Code    10  _sputc.o(.text)
    __user_setup_stackheap                   0x08000643   Thumb Code    74  sys_stackheap_outer.o(.text)
    exit                                     0x0800068d   Thumb Code    12  exit.o(.text)
    __user_libspace                          0x08000699   Thumb Code     8  libspace.o(.text)
    __user_perproc_libspace                  0x08000699   Thumb Code     0  libspace.o(.text)
    __user_perthread_libspace                0x08000699   Thumb Code     0  libspace.o(.text)
    _sys_exit                                0x080006a1   Thumb Code     8  sys_exit.o(.text)
    __I$use$semihosting                      0x080006ad   Thumb Code     0  use_no_semi.o(.text)
    __use_no_semihosting_swi                 0x080006ad   Thumb Code     2  use_no_semi.o(.text)
    BusFault_Handler                         0x080006af   Thumb Code     4  stm32f4xx_it.o(i.BusFault_Handler)
    __semihosting_library_function           0x080006af   Thumb Code     0  indicate_semi.o(.text)
    CamApi_Init_Regs                         0x080006b5   Thumb Code   266  camapi.o(i.CamApi_Init_Regs)
    CamApi_Set_Brightness                    0x080007d9   Thumb Code    58  camapi.o(i.CamApi_Set_Brightness)
    CamApi_Set_Contrast                      0x08000819   Thumb Code    58  camapi.o(i.CamApi_Set_Contrast)
    CamApi_Set_Effects                       0x08000859   Thumb Code    60  camapi.o(i.CamApi_Set_Effects)
    CamApi_Set_Gain                          0x08000899   Thumb Code    28  camapi.o(i.CamApi_Set_Gain)
    CamApi_Set_Lightmode                     0x080008b5   Thumb Code   218  camapi.o(i.CamApi_Set_Lightmode)
    CamApi_Set_Quality                       0x0800098f   Thumb Code    28  camapi.o(i.CamApi_Set_Quality)
    CamApi_Set_Register                      0x080009ab   Thumb Code    38  camapi.o(i.CamApi_Set_Register)
    CamApi_Set_Saturation                    0x080009d1   Thumb Code    58  camapi.o(i.CamApi_Set_Saturation)
    CamApi_Set_Shutter                       0x08000a11   Thumb Code   106  camapi.o(i.CamApi_Set_Shutter)
    CamApi_WriteTable                        0x08000a7b   Thumb Code    40  camapi.o(i.CamApi_WriteTable)
    CamApi_display_settings                  0x08000aa5   Thumb Code   176  camapi.o(i.CamApi_display_settings)
    CamApi_load_default_settings             0x08000c09   Thumb Code    48  camapi.o(i.CamApi_load_default_settings)
    Cam_Configure_Peripherals                0x08000c39   Thumb Code    44  camdrv.o(i.Cam_Configure_Peripherals)
    Cam_DCMI_Config                          0x08000c69   Thumb Code   332  camdrv.o(i.Cam_DCMI_Config)
    Cam_DMA_Init                             0x08000dc1   Thumb Code   140  camdrv.o(i.Cam_DMA_Init)
    Cam_Get_Image                            0x08000e59   Thumb Code    92  camdrv.o(i.Cam_Get_Image)
    Cam_IO_Configure                         0x08000ee1   Thumb Code    50  camdrv.o(i.Cam_IO_Configure)
    Cam_Init_Power                           0x08000f19   Thumb Code    96  camdrv.o(i.Cam_Init_Power)
    Cam_LED                                  0x08000f95   Thumb Code    16  camdrv.o(i.Cam_LED)
    Cam_click_images                         0x08000fa9   Thumb Code   494  camdrv.o(i.Cam_click_images)
    DCMI_CaptureCmd                          0x080011bd   Thumb Code    30  stm32f4xx_dcmi.o(i.DCMI_CaptureCmd)
    DCMI_ClearITPendingBit                   0x080011e1   Thumb Code     6  stm32f4xx_dcmi.o(i.DCMI_ClearITPendingBit)
    DCMI_Cmd                                 0x080011ed   Thumb Code    30  stm32f4xx_dcmi.o(i.DCMI_Cmd)
    DCMI_DeInit                              0x08001211   Thumb Code    24  stm32f4xx_dcmi.o(i.DCMI_DeInit)
    DCMI_GetITStatus                         0x0800122d   Thumb Code    24  stm32f4xx_dcmi.o(i.DCMI_GetITStatus)
    DCMI_IRQHandler                          0x08001249   Thumb Code    24  camdrv.o(i.DCMI_IRQHandler)
    DCMI_ITConfig                            0x08001265   Thumb Code    30  stm32f4xx_dcmi.o(i.DCMI_ITConfig)
    DCMI_Init                                0x08001289   Thumb Code    60  stm32f4xx_dcmi.o(i.DCMI_Init)
    DCMI_JPEGCmd                             0x080012c9   Thumb Code    30  stm32f4xx_dcmi.o(i.DCMI_JPEGCmd)
    DMA_Cmd                                  0x080012ed   Thumb Code    22  stm32f4xx_dma.o(i.DMA_Cmd)
    DMA_DeInit                               0x08001305   Thumb Code   324  stm32f4xx_dma.o(i.DMA_DeInit)
    DMA_Init                                 0x0800145d   Thumb Code    82  stm32f4xx_dma.o(i.DMA_Init)
    DebugMon_Handler                         0x080014b5   Thumb Code     2  stm32f4xx_it.o(i.DebugMon_Handler)
    Delayms                                  0x080014b9   Thumb Code    16  main.o(i.Delayms)
    FlashCloseFile                           0x080014cd   Thumb Code    62  flash.o(i.FlashCloseFile)
    FlashCreateNewFile                       0x08001521   Thumb Code   264  flash.o(i.FlashCreateNewFile)
    FlashFileWrite                           0x080016a5   Thumb Code    78  flash.o(i.FlashFileWrite)
    Flash_Configure_Pagesz                   0x080016f9   Thumb Code   110  flash.o(i.Flash_Configure_Pagesz)
    Flash_Create_FS                          0x0800176d   Thumb Code    80  flash.o(i.Flash_Create_FS)
    Flash_Dump_filetable                     0x080017f9   Thumb Code   252  flash.o(i.Flash_Dump_filetable)
    Flash_Init_SPI                           0x0800198d   Thumb Code   220  flash.o(i.Flash_Init_SPI)
    Flash_Read                               0x08001a75   Thumb Code   108  flash.o(i.Flash_Read)
    Flash_Sector_Erase                       0x08001ae5   Thumb Code    56  flash.o(i.Flash_Sector_Erase)
    Flash_Spi_TxRx                           0x08001b21   Thumb Code    56  flash.o(i.Flash_Spi_TxRx)
    Flash_Write                              0x08001b5d   Thumb Code   122  flash.o(i.Flash_Write)
    Flash_convert_addr                       0x08001bf9   Thumb Code    20  flash.o(i.Flash_convert_addr)
    Flash_dis_sect_prot                      0x08001c0d   Thumb Code    48  flash.o(i.Flash_dis_sect_prot)
    Flash_dump_imagedata                     0x08001c41   Thumb Code   140  flash.o(i.Flash_dump_imagedata)
    Flash_get_file_size                      0x08001cd9   Thumb Code    72  flash.o(i.Flash_get_file_size)
    Flash_init                               0x08001d59   Thumb Code   148  flash.o(i.Flash_init)
    Flash_read_status                        0x08001e9d   Thumb Code    64  flash.o(i.Flash_read_status)
    Flash_wait_busy                          0x08001ee1   Thumb Code    80  flash.o(i.Flash_wait_busy)
    Flash_wr_mem                             0x08001f51   Thumb Code    84  flash.o(i.Flash_wr_mem)
    GPIO_Init                                0x08001fa9   Thumb Code   144  stm32f4xx_gpio.o(i.GPIO_Init)
    GPIO_PinAFConfig                         0x08002039   Thumb Code    70  stm32f4xx_gpio.o(i.GPIO_PinAFConfig)
    GPIO_ResetBits                           0x0800207f   Thumb Code     4  stm32f4xx_gpio.o(i.GPIO_ResetBits)
    GPIO_SetBits                             0x08002083   Thumb Code     4  stm32f4xx_gpio.o(i.GPIO_SetBits)
    GPIO_WriteBit                            0x08002087   Thumb Code    10  stm32f4xx_gpio.o(i.GPIO_WriteBit)
    HardFault_Handler                        0x08002091   Thumb Code     4  stm32f4xx_it.o(i.HardFault_Handler)
    I2C_AcknowledgeConfig                    0x08002095   Thumb Code    24  stm32f4xx_i2c.o(i.I2C_AcknowledgeConfig)
    I2C_CheckEvent                           0x080020ad   Thumb Code    42  stm32f4xx_i2c.o(i.I2C_CheckEvent)
    I2C_Cmd                                  0x080020d7   Thumb Code    24  stm32f4xx_i2c.o(i.I2C_Cmd)
    I2C_DeInit                               0x080020f1   Thumb Code    82  stm32f4xx_i2c.o(i.I2C_DeInit)
    I2C_GenerateSTART                        0x08002151   Thumb Code    24  stm32f4xx_i2c.o(i.I2C_GenerateSTART)
    I2C_GenerateSTOP                         0x08002169   Thumb Code    24  stm32f4xx_i2c.o(i.I2C_GenerateSTOP)
    I2C_Init                                 0x08002181   Thumb Code   218  stm32f4xx_i2c.o(i.I2C_Init)
    I2C_ReceiveData                          0x08002269   Thumb Code     8  stm32f4xx_i2c.o(i.I2C_ReceiveData)
    I2C_Send7bitAddress                      0x08002271   Thumb Code    16  stm32f4xx_i2c.o(i.I2C_Send7bitAddress)
    I2C_SendData                             0x08002281   Thumb Code     4  stm32f4xx_i2c.o(i.I2C_SendData)
    MemManage_Handler                        0x08002285   Thumb Code     4  stm32f4xx_it.o(i.MemManage_Handler)
    NMI_Handler                              0x08002289   Thumb Code     2  stm32f4xx_it.o(i.NMI_Handler)
    NVIC_Init                                0x0800228d   Thumb Code   108  misc.o(i.NVIC_Init)
    NVIC_PriorityGroupConfig                 0x08002305   Thumb Code    10  misc.o(i.NVIC_PriorityGroupConfig)
    PendSV_Handler                           0x08002319   Thumb Code     2  stm32f4xx_it.o(i.PendSV_Handler)
    RCC_AHB1PeriphClockCmd                   0x0800231d   Thumb Code    26  stm32f4xx_rcc.o(i.RCC_AHB1PeriphClockCmd)
    RCC_AHB2PeriphClockCmd                   0x0800233d   Thumb Code    26  stm32f4xx_rcc.o(i.RCC_AHB2PeriphClockCmd)
    RCC_APB1PeriphClockCmd                   0x0800235d   Thumb Code    26  stm32f4xx_rcc.o(i.RCC_APB1PeriphClockCmd)
    RCC_APB1PeriphResetCmd                   0x0800237d   Thumb Code    26  stm32f4xx_rcc.o(i.RCC_APB1PeriphResetCmd)
    RCC_APB2PeriphClockCmd                   0x0800239d   Thumb Code    26  stm32f4xx_rcc.o(i.RCC_APB2PeriphClockCmd)
    RCC_ClockSecuritySystemCmd               0x080023bd   Thumb Code     6  stm32f4xx_rcc.o(i.RCC_ClockSecuritySystemCmd)
    RCC_GetClocksFreq                        0x080023c9   Thumb Code   214  stm32f4xx_rcc.o(i.RCC_GetClocksFreq)
    RCC_MCO1Config                           0x080024b1   Thumb Code    24  stm32f4xx_rcc.o(i.RCC_MCO1Config)
    SCCBSetAdress                            0x080024cd   Thumb Code     6  sccb.o(i.SCCBSetAdress)
    SCCB_GPIO_Config                         0x080024d9   Thumb Code   150  sccb.o(i.SCCB_GPIO_Config)
    SCCB_Read                                0x0800257d   Thumb Code   386  sccb.o(i.SCCB_Read)
    SCCB_Write                               0x08002715   Thumb Code   182  sccb.o(i.SCCB_Write)
    SDIO_IRQHandler                          0x080027e1   Thumb Code     2  stm32f4xx_it.o(i.SDIO_IRQHandler)
    SPI_Cmd                                  0x080027e3   Thumb Code    24  stm32f4xx_spi.o(i.SPI_Cmd)
    SPI_Init                                 0x080027fb   Thumb Code    60  stm32f4xx_spi.o(i.SPI_Init)
    SVC_Handler                              0x08002837   Thumb Code     2  stm32f4xx_it.o(i.SVC_Handler)
    SerComCalculateUsedSpace                 0x08002839   Thumb Code    54  serialcom.o(i.SerComCalculateUsedSpace)
    SerComConfig                             0x0800287d   Thumb Code   298  serialcom.o(i.SerComConfig)
    SerComParseByte                          0x080029b9   Thumb Code   368  serialcom.o(i.SerComParseByte)
    SerComProcess                            0x08002be9   Thumb Code   266  serialcom.o(i.SerComProcess)
    SerComSendArr                            0x08002d09   Thumb Code    28  serialcom.o(i.SerComSendArr)
    SerComSendByte                           0x08002d25   Thumb Code    42  serialcom.o(i.SerComSendByte)
    SerComSendMessageUser                    0x08002d55   Thumb Code    38  serialcom.o(i.SerComSendMessageUser)
    SerComSendRsp                            0x08002d81   Thumb Code    64  serialcom.o(i.SerComSendRsp)
    SysTick_Handler                          0x08002e5d   Thumb Code    28  main.o(i.SysTick_Handler)
    SystemInit                               0x08002e81   Thumb Code    88  system_stm32f4xx.o(i.SystemInit)
    USART2_IRQHandler                        0x08002ee9   Thumb Code    82  serialcom.o(i.USART2_IRQHandler)
    USART_Cmd                                0x08002f51   Thumb Code    24  stm32f4xx_usart.o(i.USART_Cmd)
    USART_GetFlagStatus                      0x08002f69   Thumb Code    26  stm32f4xx_usart.o(i.USART_GetFlagStatus)
    USART_GetITStatus                        0x08002f83   Thumb Code    84  stm32f4xx_usart.o(i.USART_GetITStatus)
    USART_ITConfig                           0x08002fd7   Thumb Code    74  stm32f4xx_usart.o(i.USART_ITConfig)
    USART_Init                               0x08003021   Thumb Code   204  stm32f4xx_usart.o(i.USART_Init)
    USART_SendData                           0x080030f5   Thumb Code     8  stm32f4xx_usart.o(i.USART_SendData)
    UsageFault_Handler                       0x080030fd   Thumb Code     4  stm32f4xx_it.o(i.UsageFault_Handler)
    enable_clock                             0x08003101   Thumb Code    74  camdrv.o(i.enable_clock)
    main                                     0x08003151   Thumb Code   304  main.o(i.main)
    _fp_init                                 0x080033e5   Thumb Code    10  fpinit.o(x$fpl$fpinit)
    __fplib_config_fpu_vfp                   0x080033ed   Thumb Code     0  fpinit.o(x$fpl$fpinit)
    __fplib_config_pureend_doubles           0x080033ed   Thumb Code     0  fpinit.o(x$fpl$fpinit)
    default_regs                             0x080036fb   Data         346  camapi.o(.constdata)
    svga_regs                                0x08003855   Data          70  camapi.o(.constdata)
    jpeg_regs                                0x0800389b   Data          16  camapi.o(.constdata)
    config_sz_regs                           0x080038ab   Data          82  camapi.o(.constdata)
    DS_CAP_7_5FPS                            0x080038fd   Data          18  camapi.o(.constdata)
    OV5642_1080P_Video_setting               0x08003910   Data        2148  camapi.o(.constdata)
    ftb                                      0x08004174   Data          16  flash.o(.constdata)
    Region$$Table$$Base                      0x080041ac   Number         0  anon$$obj.o(Region$$Table)
    Region$$Table$$Limit                     0x080041dc   Number         0  anon$$obj.o(Region$$Table)
    Jpeg_b2                                  0x10000000   Data       65536  camdrv.o(.cmm)
    SystemCoreClock                          0x20000000   Data           4  system_stm32f4xx.o(.data)
    AHBPrescTable                            0x20000004   Data          16  system_stm32f4xx.o(.data)
    d_m                                      0x20000024   Data           4  main.o(.data)
    uRxRp                                    0x20000028   Data           2  serialcom.o(.data)
    uRxWp                                    0x2000002a   Data           2  serialcom.o(.data)
    uRxFullFlg                               0x2000002c   Data           1  serialcom.o(.data)
    DCMI_TIMEOUT_MAX                         0x20000030   Data           4  sccb.o(.data)
    sccbadd                                  0x20000034   Data           1  sccb.o(.data)
    FlashFileBytesWritten                    0x20000038   Data           4  flash.o(.data)
    jpegCaptureTime                          0x2000003c   Data           4  camdrv.o(.data)
    jpegTotalTime                            0x20000040   Data           4  camdrv.o(.data)
    jpegCaptureDoneITFLG                     0x20000044   Data           1  camdrv.o(.data)
    click_dly                                0x20000046   Data           2  camdrv.o(.data)
    uRxData                                  0x20000048   Data          32  serialcom.o(.bss)
    rxdata                                   0x20000068   Data          20  serialcom.o(.bss)
    camr                                     0x2000007c   Data          10  camapi.o(.bss)
    fbuf                                     0x20000088   Data         528  flash.o(.bss)
    file_sys                                 0x20000298   Data          80  flash.o(.bss)
    JpegBuffer                               0x200002e8   Data       122880  camdrv.o(.bss)
    Jpeg_b1                                  0x2001e2e8   Data       57344  camdrv.o(.bss)
    imgdebug                                 0x2002c2e8   Data          72  camdrv.o(.bss)
    cs_flash                                 0x2002c330   Data          24  camdrv.o(.bss)
    __libspace_start                         0x2002c348   Data          96  libspace.o(.bss)
    __temporary_stack_top$libspace           0x2002c3a8   Data           0  libspace.o(.bss)



==============================================================================

Memory Map of the image

  Image Entry point : 0x080001ad

  Load Region LR_IROM1 (Base: 0x08000000, Size: 0x00014224, Max: 0x00200000, ABSOLUTE, COMPRESSED[0x00004428])

    Execution Region ER_IROM1 (Base: 0x08000000, Size: 0x000041dc, Max: 0x00200000, ABSOLUTE)

    Base Addr    Size         Type   Attr      Idx    E Section Name        Object

    0x08000000   0x000001ac   Data   RO            3    RESET               startup_stm32f4xx.o
    0x080001ac   0x00000008   Code   RO         2150  * !!!main             c_w.l(__main.o)
    0x080001b4   0x00000034   Code   RO         2315    !!!scatter          c_w.l(__scatter.o)
    0x080001e8   0x0000005a   Code   RO         2313    !!dczerorl2         c_w.l(__dczerorl2.o)
    0x08000242   0x00000002   PAD
    0x08000244   0x0000001a   Code   RO         2317    !!handler_copy      c_w.l(__scatter_copy.o)
    0x0800025e   0x00000002   PAD
    0x08000260   0x0000001c   Code   RO         2319    !!handler_zi        c_w.l(__scatter_zi.o)
    0x0800027c   0x00000000   Code   RO         2143    .ARM.Collect$$_printf_percent$$00000000  c_w.l(_printf_percent.o)
    0x0800027c   0x00000006   Code   RO         2142    .ARM.Collect$$_printf_percent$$00000009  c_w.l(_printf_d.o)
    0x08000282   0x00000006   Code   RO         2141    .ARM.Collect$$_printf_percent$$0000000C  c_w.l(_printf_x.o)
    0x08000288   0x00000004   Code   RO         2159    .ARM.Collect$$_printf_percent$$00000017  c_w.l(_printf_percent_end.o)
    0x0800028c   0x00000002   Code   RO         2186    .ARM.Collect$$libinit$$00000000  c_w.l(libinit.o)
    0x0800028e   0x00000004   Code   RO         2192    .ARM.Collect$$libinit$$00000001  c_w.l(libinit2.o)
    0x08000292   0x00000000   Code   RO         2196    .ARM.Collect$$libinit$$00000008  c_w.l(libinit2.o)
    0x08000292   0x00000000   Code   RO         2198    .ARM.Collect$$libinit$$0000000A  c_w.l(libinit2.o)
    0x08000292   0x00000000   Code   RO         2200    .ARM.Collect$$libinit$$0000000C  c_w.l(libinit2.o)
    0x08000292   0x00000000   Code   RO         2203    .ARM.Collect$$libinit$$0000000F  c_w.l(libinit2.o)
    0x08000292   0x00000000   Code   RO         2205    .ARM.Collect$$libinit$$00000011  c_w.l(libinit2.o)
    0x08000292   0x00000000   Code   RO         2207    .ARM.Collect$$libinit$$00000013  c_w.l(libinit2.o)
    0x08000292   0x00000000   Code   RO         2209    .ARM.Collect$$libinit$$00000015  c_w.l(libinit2.o)
    0x08000292   0x00000000   Code   RO         2211    .ARM.Collect$$libinit$$00000017  c_w.l(libinit2.o)
    0x08000292   0x00000000   Code   RO         2213    .ARM.Collect$$libinit$$00000019  c_w.l(libinit2.o)
    0x08000292   0x00000000   Code   RO         2215    .ARM.Collect$$libinit$$0000001B  c_w.l(libinit2.o)
    0x08000292   0x00000000   Code   RO         2217    .ARM.Collect$$libinit$$0000001D  c_w.l(libinit2.o)
    0x08000292   0x00000000   Code   RO         2219    .ARM.Collect$$libinit$$0000001F  c_w.l(libinit2.o)
    0x08000292   0x00000000   Code   RO         2221    .ARM.Collect$$libinit$$00000021  c_w.l(libinit2.o)
    0x08000292   0x00000000   Code   RO         2223    .ARM.Collect$$libinit$$00000023  c_w.l(libinit2.o)
    0x08000292   0x00000000   Code   RO         2227    .ARM.Collect$$libinit$$0000002A  c_w.l(libinit2.o)
    0x08000292   0x00000000   Code   RO         2229    .ARM.Collect$$libinit$$0000002C  c_w.l(libinit2.o)
    0x08000292   0x00000000   Code   RO         2231    .ARM.Collect$$libinit$$0000002E  c_w.l(libinit2.o)
    0x08000292   0x00000000   Code   RO         2233    .ARM.Collect$$libinit$$00000030  c_w.l(libinit2.o)
    0x08000292   0x00000002   Code   RO         2234    .ARM.Collect$$libinit$$00000031  c_w.l(libinit2.o)
    0x08000294   0x00000002   Code   RO         2254    .ARM.Collect$$libshutdown$$00000000  c_w.l(libshutdown.o)
    0x08000296   0x00000000   Code   RO         2268    .ARM.Collect$$libshutdown$$00000003  c_w.l(libshutdown2.o)
    0x08000296   0x00000000   Code   RO         2271    .ARM.Collect$$libshutdown$$00000006  c_w.l(libshutdown2.o)
    0x08000296   0x00000000   Code   RO         2274    .ARM.Collect$$libshutdown$$00000009  c_w.l(libshutdown2.o)
    0x08000296   0x00000000   Code   RO         2276    .ARM.Collect$$libshutdown$$0000000B  c_w.l(libshutdown2.o)
    0x08000296   0x00000000   Code   RO         2279    .ARM.Collect$$libshutdown$$0000000E  c_w.l(libshutdown2.o)
    0x08000296   0x00000002   Code   RO         2280    .ARM.Collect$$libshutdown$$0000000F  c_w.l(libshutdown2.o)
    0x08000298   0x00000000   Code   RO         2152    .ARM.Collect$$rtentry$$00000000  c_w.l(rtentry.o)
    0x08000298   0x00000000   Code   RO         2161    .ARM.Collect$$rtentry$$00000002  c_w.l(rtentry2.o)
    0x08000298   0x00000006   Code   RO         2173    .ARM.Collect$$rtentry$$00000004  c_w.l(rtentry4.o)
    0x0800029e   0x00000000   Code   RO         2163    .ARM.Collect$$rtentry$$00000009  c_w.l(rtentry2.o)
    0x0800029e   0x00000004   Code   RO         2164    .ARM.Collect$$rtentry$$0000000A  c_w.l(rtentry2.o)
    0x080002a2   0x00000000   Code   RO         2166    .ARM.Collect$$rtentry$$0000000C  c_w.l(rtentry2.o)
    0x080002a2   0x00000008   Code   RO         2167    .ARM.Collect$$rtentry$$0000000D  c_w.l(rtentry2.o)
    0x080002aa   0x00000002   Code   RO         2190    .ARM.Collect$$rtexit$$00000000  c_w.l(rtexit.o)
    0x080002ac   0x00000000   Code   RO         2236    .ARM.Collect$$rtexit$$00000002  c_w.l(rtexit2.o)
    0x080002ac   0x00000004   Code   RO         2237    .ARM.Collect$$rtexit$$00000003  c_w.l(rtexit2.o)
    0x080002b0   0x00000006   Code   RO         2238    .ARM.Collect$$rtexit$$00000004  c_w.l(rtexit2.o)
    0x080002b6   0x00000002   PAD
    0x080002b8   0x00000040   Code   RO            4    .text               startup_stm32f4xx.o
    0x080002f8   0x00000028   Code   RO         2094    .text               c_w.l(noretval__2sprintf.o)
    0x08000320   0x00000068   Code   RO         2096    .text               c_w.l(__printf.o)
    0x08000388   0x00000078   Code   RO         2098    .text               c_w.l(_printf_dec.o)
    0x08000400   0x0000005c   Code   RO         2103    .text               c_w.l(_printf_hex_int.o)
    0x0800045c   0x0000008a   Code   RO         2144    .text               c_w.l(rt_memcpy_v6.o)
    0x080004e6   0x00000064   Code   RO         2146    .text               c_w.l(rt_memcpy_w.o)
    0x0800054a   0x00000006   Code   RO         2148    .text               c_w.l(heapauxi.o)
    0x08000550   0x000000b8   Code   RO         2153    .text               c_w.l(_printf_intcommon.o)
    0x08000608   0x00000030   Code   RO         2155    .text               c_w.l(_printf_char_common.o)
    0x08000638   0x0000000a   Code   RO         2157    .text               c_w.l(_sputc.o)
    0x08000642   0x0000004a   Code   RO         2177    .text               c_w.l(sys_stackheap_outer.o)
    0x0800068c   0x0000000c   Code   RO         2179    .text               c_w.l(exit.o)
    0x08000698   0x00000008   Code   RO         2187    .text               c_w.l(libspace.o)
    0x080006a0   0x0000000c   Code   RO         2246    .text               c_w.l(sys_exit.o)
    0x080006ac   0x00000002   Code   RO         2257    .text               c_w.l(use_no_semi.o)
    0x080006ae   0x00000000   Code   RO         2259    .text               c_w.l(indicate_semi.o)
    0x080006ae   0x00000004   Code   RO          145    i.BusFault_Handler  stm32f4xx_it.o
    0x080006b2   0x00000002   PAD
    0x080006b4   0x00000124   Code   RO         1614    i.CamApi_Init_Regs  camapi.o
    0x080007d8   0x00000040   Code   RO         1615    i.CamApi_Set_Brightness  camapi.o
    0x08000818   0x00000040   Code   RO         1616    i.CamApi_Set_Contrast  camapi.o
    0x08000858   0x00000040   Code   RO         1617    i.CamApi_Set_Effects  camapi.o
    0x08000898   0x0000001c   Code   RO         1618    i.CamApi_Set_Gain   camapi.o
    0x080008b4   0x000000da   Code   RO         1620    i.CamApi_Set_Lightmode  camapi.o
    0x0800098e   0x0000001c   Code   RO         1621    i.CamApi_Set_Quality  camapi.o
    0x080009aa   0x00000026   Code   RO         1622    i.CamApi_Set_Register  camapi.o
    0x080009d0   0x00000040   Code   RO         1623    i.CamApi_Set_Saturation  camapi.o
    0x08000a10   0x0000006a   Code   RO         1624    i.CamApi_Set_Shutter  camapi.o
    0x08000a7a   0x00000028   Code   RO         1625    i.CamApi_WriteTable  camapi.o
    0x08000aa2   0x00000002   PAD
    0x08000aa4   0x00000164   Code   RO         1627    i.CamApi_display_settings  camapi.o
    0x08000c08   0x00000030   Code   RO         1628    i.CamApi_load_default_settings  camapi.o
    0x08000c38   0x00000030   Code   RO         1991    i.Cam_Configure_Peripherals  camdrv.o
    0x08000c68   0x00000158   Code   RO         1992    i.Cam_DCMI_Config   camdrv.o
    0x08000dc0   0x00000098   Code   RO         1993    i.Cam_DMA_Init      camdrv.o
    0x08000e58   0x00000088   Code   RO         1994    i.Cam_Get_Image     camdrv.o
    0x08000ee0   0x00000038   Code   RO         1995    i.Cam_IO_Configure  camdrv.o
    0x08000f18   0x0000007c   Code   RO         1996    i.Cam_Init_Power    camdrv.o
    0x08000f94   0x00000014   Code   RO         1997    i.Cam_LED           camdrv.o
    0x08000fa8   0x00000214   Code   RO         2000    i.Cam_click_images  camdrv.o
    0x080011bc   0x00000024   Code   RO          264    i.DCMI_CaptureCmd   stm32f4xx_dcmi.o
    0x080011e0   0x0000000c   Code   RO          266    i.DCMI_ClearITPendingBit  stm32f4xx_dcmi.o
    0x080011ec   0x00000024   Code   RO          267    i.DCMI_Cmd          stm32f4xx_dcmi.o
    0x08001210   0x0000001c   Code   RO          268    i.DCMI_DeInit       stm32f4xx_dcmi.o
    0x0800122c   0x0000001c   Code   RO          270    i.DCMI_GetITStatus  stm32f4xx_dcmi.o
    0x08001248   0x0000001c   Code   RO         2001    i.DCMI_IRQHandler   camdrv.o
    0x08001264   0x00000024   Code   RO          271    i.DCMI_ITConfig     stm32f4xx_dcmi.o
    0x08001288   0x00000040   Code   RO          272    i.DCMI_Init         stm32f4xx_dcmi.o
    0x080012c8   0x00000024   Code   RO          273    i.DCMI_JPEGCmd      stm32f4xx_dcmi.o
    0x080012ec   0x00000016   Code   RO          364    i.DMA_Cmd           stm32f4xx_dma.o
    0x08001302   0x00000002   PAD
    0x08001304   0x00000158   Code   RO          365    i.DMA_DeInit        stm32f4xx_dma.o
    0x0800145c   0x00000058   Code   RO          376    i.DMA_Init          stm32f4xx_dma.o
    0x080014b4   0x00000002   Code   RO          146    i.DebugMon_Handler  stm32f4xx_it.o
    0x080014b6   0x00000002   PAD
    0x080014b8   0x00000014   Code   RO         1468    i.Delayms           main.o
    0x080014cc   0x00000054   Code   RO         1787    i.FlashCloseFile    flash.o
    0x08001520   0x00000184   Code   RO         1788    i.FlashCreateNewFile  flash.o
    0x080016a4   0x00000054   Code   RO         1789    i.FlashFileWrite    flash.o
    0x080016f8   0x00000074   Code   RO         1790    i.Flash_Configure_Pagesz  flash.o
    0x0800176c   0x0000008c   Code   RO         1791    i.Flash_Create_FS   flash.o
    0x080017f8   0x00000194   Code   RO         1792    i.Flash_Dump_filetable  flash.o
    0x0800198c   0x000000e8   Code   RO         1793    i.Flash_Init_SPI    flash.o
    0x08001a74   0x00000070   Code   RO         1794    i.Flash_Read        flash.o
    0x08001ae4   0x0000003c   Code   RO         1795    i.Flash_Sector_Erase  flash.o
    0x08001b20   0x0000003c   Code   RO         1796    i.Flash_Spi_TxRx    flash.o
    0x08001b5c   0x0000009c   Code   RO         1797    i.Flash_Write       flash.o
    0x08001bf8   0x00000014   Code   RO         1799    i.Flash_convert_addr  flash.o
    0x08001c0c   0x00000034   Code   RO         1800    i.Flash_dis_sect_prot  flash.o
    0x08001c40   0x00000098   Code   RO         1801    i.Flash_dump_imagedata  flash.o
    0x08001cd8   0x00000080   Code   RO         1803    i.Flash_get_file_size  flash.o
    0x08001d58   0x00000144   Code   RO         1805    i.Flash_init        flash.o
    0x08001e9c   0x00000044   Code   RO         1811    i.Flash_read_status  flash.o
    0x08001ee0   0x00000070   Code   RO         1813    i.Flash_wait_busy   flash.o
    0x08001f50   0x00000058   Code   RO         1814    i.Flash_wr_mem      flash.o
    0x08001fa8   0x00000090   Code   RO          487    i.GPIO_Init         stm32f4xx_gpio.o
    0x08002038   0x00000046   Code   RO          488    i.GPIO_PinAFConfig  stm32f4xx_gpio.o
    0x0800207e   0x00000004   Code   RO          494    i.GPIO_ResetBits    stm32f4xx_gpio.o
    0x08002082   0x00000004   Code   RO          495    i.GPIO_SetBits      stm32f4xx_gpio.o
    0x08002086   0x0000000a   Code   RO          499    i.GPIO_WriteBit     stm32f4xx_gpio.o
    0x08002090   0x00000004   Code   RO          147    i.HardFault_Handler  stm32f4xx_it.o
    0x08002094   0x00000018   Code   RO          581    i.I2C_AcknowledgeConfig  stm32f4xx_i2c.o
    0x080020ac   0x0000002a   Code   RO          584    i.I2C_CheckEvent    stm32f4xx_i2c.o
    0x080020d6   0x00000018   Code   RO          587    i.I2C_Cmd           stm32f4xx_i2c.o
    0x080020ee   0x00000002   PAD
    0x080020f0   0x00000060   Code   RO          590    i.I2C_DeInit        stm32f4xx_i2c.o
    0x08002150   0x00000018   Code   RO          595    i.I2C_GenerateSTART  stm32f4xx_i2c.o
    0x08002168   0x00000018   Code   RO          596    i.I2C_GenerateSTOP  stm32f4xx_i2c.o
    0x08002180   0x000000e8   Code   RO          602    i.I2C_Init          stm32f4xx_i2c.o
    0x08002268   0x00000008   Code   RO          607    i.I2C_ReceiveData   stm32f4xx_i2c.o
    0x08002270   0x00000010   Code   RO          609    i.I2C_Send7bitAddress  stm32f4xx_i2c.o
    0x08002280   0x00000004   Code   RO          610    i.I2C_SendData      stm32f4xx_i2c.o
    0x08002284   0x00000004   Code   RO          148    i.MemManage_Handler  stm32f4xx_it.o
    0x08002288   0x00000002   Code   RO          149    i.NMI_Handler       stm32f4xx_it.o
    0x0800228a   0x00000002   PAD
    0x0800228c   0x00000078   Code   RO          222    i.NVIC_Init         misc.o
    0x08002304   0x00000014   Code   RO          223    i.NVIC_PriorityGroupConfig  misc.o
    0x08002318   0x00000002   Code   RO          150    i.PendSV_Handler    stm32f4xx_it.o
    0x0800231a   0x00000002   PAD
    0x0800231c   0x00000020   Code   RO          800    i.RCC_AHB1PeriphClockCmd  stm32f4xx_rcc.o
    0x0800233c   0x00000020   Code   RO          803    i.RCC_AHB2PeriphClockCmd  stm32f4xx_rcc.o
    0x0800235c   0x00000020   Code   RO          809    i.RCC_APB1PeriphClockCmd  stm32f4xx_rcc.o
    0x0800237c   0x00000020   Code   RO          811    i.RCC_APB1PeriphResetCmd  stm32f4xx_rcc.o
    0x0800239c   0x00000020   Code   RO          812    i.RCC_APB2PeriphClockCmd  stm32f4xx_rcc.o
    0x080023bc   0x0000000c   Code   RO          819    i.RCC_ClockSecuritySystemCmd  stm32f4xx_rcc.o
    0x080023c8   0x000000e8   Code   RO          821    i.RCC_GetClocksFreq  stm32f4xx_rcc.o
    0x080024b0   0x0000001c   Code   RO          833    i.RCC_MCO1Config    stm32f4xx_rcc.o
    0x080024cc   0x0000000c   Code   RO         1738    i.SCCBSetAdress     sccb.o
    0x080024d8   0x000000a4   Code   RO         1739    i.SCCB_GPIO_Config  sccb.o
    0x0800257c   0x00000198   Code   RO         1740    i.SCCB_Read         sccb.o
    0x08002714   0x000000cc   Code   RO         1742    i.SCCB_Write        sccb.o
    0x080027e0   0x00000002   Code   RO          151    i.SDIO_IRQHandler   stm32f4xx_it.o
    0x080027e2   0x00000018   Code   RO         1314    i.SPI_Cmd           stm32f4xx_spi.o
    0x080027fa   0x0000003c   Code   RO         1327    i.SPI_Init          stm32f4xx_spi.o
    0x08002836   0x00000002   Code   RO          153    i.SVC_Handler       stm32f4xx_it.o
    0x08002838   0x00000044   Code   RO         1526    i.SerComCalculateUsedSpace  serialcom.o
    0x0800287c   0x0000013c   Code   RO         1527    i.SerComConfig      serialcom.o
    0x080029b8   0x00000230   Code   RO         1528    i.SerComParseByte   serialcom.o
    0x08002be8   0x00000120   Code   RO         1529    i.SerComProcess     serialcom.o
    0x08002d08   0x0000001c   Code   RO         1530    i.SerComSendArr     serialcom.o
    0x08002d24   0x00000030   Code   RO         1532    i.SerComSendByte    serialcom.o
    0x08002d54   0x0000002c   Code   RO         1533    i.SerComSendMessageUser  serialcom.o
    0x08002d80   0x00000040   Code   RO         1534    i.SerComSendRsp     serialcom.o
    0x08002dc0   0x0000009c   Code   RO           11    i.SetSysClock       system_stm32f4xx.o
    0x08002e5c   0x00000024   Code   RO         1469    i.SysTick_Handler   main.o
    0x08002e80   0x00000068   Code   RO           13    i.SystemInit        system_stm32f4xx.o
    0x08002ee8   0x00000068   Code   RO         1536    i.USART2_IRQHandler  serialcom.o
    0x08002f50   0x00000018   Code   RO         1128    i.USART_Cmd         stm32f4xx_usart.o
    0x08002f68   0x0000001a   Code   RO         1131    i.USART_GetFlagStatus  stm32f4xx_usart.o
    0x08002f82   0x00000054   Code   RO         1132    i.USART_GetITStatus  stm32f4xx_usart.o
    0x08002fd6   0x0000004a   Code   RO         1134    i.USART_ITConfig    stm32f4xx_usart.o
    0x08003020   0x000000d4   Code   RO         1135    i.USART_Init        stm32f4xx_usart.o
    0x080030f4   0x00000008   Code   RO         1145    i.USART_SendData    stm32f4xx_usart.o
    0x080030fc   0x00000004   Code   RO          154    i.UsageFault_Handler  stm32f4xx_it.o
    0x08003100   0x00000050   Code   RO         2003    i.enable_clock      camdrv.o
    0x08003150   0x00000294   Code   RO         1470    i.main              main.o
    0x080033e4   0x0000000a   Code   RO         2244    x$fpl$fpinit        fz_wm.l(fpinit.o)
    0x080033ee   0x00000d86   Data   RO         1630    .constdata          camapi.o
    0x08004174   0x00000010   Data   RO         1819    .constdata          flash.o
    0x08004184   0x00000028   Data   RO         2104    .constdata          c_w.l(_printf_hex_int.o)
    0x080041ac   0x00000030   Data   RO         2311    Region$$Table       anon$$obj.o


    Execution Region RW_IRAM2 (Base: 0x10000000, Size: 0x00010000, Max: 0x00010000, ABSOLUTE, COMPRESSED[0x00000204])

    Base Addr    Size         Type   Attr      Idx    E Section Name        Object

    0x10000000   0x00010000   Data   RW         2005    .cmm                camdrv.o


    Execution Region RW_IRAM1 (Base: 0x20000000, Size: 0x0002d3a8, Max: 0x00030000, ABSOLUTE)

    Base Addr    Size         Type   Attr      Idx    E Section Name        Object

    0x20000000   0x00000014   Data   RW           14    .data               system_stm32f4xx.o
    0x20000014   0x00000010   Data   RW          852    .data               stm32f4xx_rcc.o
    0x20000024   0x00000004   Data   RW         1471    .data               main.o
    0x20000028   0x00000005   Data   RW         1538    .data               serialcom.o
    0x2000002d   0x00000003   PAD
    0x20000030   0x00000005   Data   RW         1744    .data               sccb.o
    0x20000035   0x00000003   PAD
    0x20000038   0x00000004   Data   RW         1820    .data               flash.o
    0x2000003c   0x0000000c   Data   RW         2006    .data               camdrv.o
    0x20000048   0x00000034   Zero   RW         1537    .bss                serialcom.o
    0x2000007c   0x0000000a   Zero   RW         1629    .bss                camapi.o
    0x20000086   0x00000002   PAD
    0x20000088   0x00000260   Zero   RW         1818    .bss                flash.o
    0x200002e8   0x0002c060   Zero   RW         2004    .bss                camdrv.o
    0x2002c348   0x00000060   Zero   RW         2188    .bss                c_w.l(libspace.o)
    0x2002c3a8   0x00000800   Zero   RW            2    HEAP                startup_stm32f4xx.o
    0x2002cba8   0x00000800   Zero   RW            1    STACK               startup_stm32f4xx.o


==============================================================================

Image component sizes


      Code (inc. data)   RO Data    RW Data    ZI Data      Debug   Object Name

      1410        228       3462          0         10      11024   camapi.o
      1520        158          0      65548     180320       9435   camdrv.o
      2780        716         16          4        608      14839   flash.o
       716        368          0          4          0      21271   main.o
       140         22          0          0          0       1747   misc.o
       788         64          0          5          0       3395   sccb.o
      1520        294          0          5         52      25080   serialcom.o
        64         26        428          0       4096        872   startup_stm32f4xx.o
       276         42          0          0          0       5250   stm32f4xx_dcmi.o
       454         26          0          0          0       3350   stm32f4xx_dma.o
       232          0          0          0          0       3859   stm32f4xx_gpio.o
       494         28          0          0          0       7185   stm32f4xx_i2c.o
        26          0          0          0          0       4170   stm32f4xx_it.o
       432         58          0         16          0       7551   stm32f4xx_rcc.o
        84          0          0          0          0       1941   stm32f4xx_spi.o
       428          8          0          0          0       5301   stm32f4xx_usart.o
       260         32          0         20          0     302441   system_stm32f4xx.o

    ----------------------------------------------------------------------
     11638       2070       3954      65608     185088     428711   Object Totals
         0          0         48          0          0          0   (incl. Generated)
        14          0          0          6          2          0   (incl. Padding)

    ----------------------------------------------------------------------

      Code (inc. data)   RO Data    RW Data    ZI Data      Debug   Library Member Name

        90          0          0          0          0          0   __dczerorl2.o
         8          0          0          0          0         68   __main.o
       104          0          0          0          0         84   __printf.o
        52          8          0          0          0          0   __scatter.o
        26          0          0          0          0          0   __scatter_copy.o
        28          0          0          0          0          0   __scatter_zi.o
        48          6          0          0          0         96   _printf_char_common.o
         6          0          0          0          0          0   _printf_d.o
       120         18          0          0          0         92   _printf_dec.o
        92          4         40          0          0         88   _printf_hex_int.o
       184          0          0          0          0         88   _printf_intcommon.o
         0          0          0          0          0          0   _printf_percent.o
         4          0          0          0          0          0   _printf_percent_end.o
         6          0          0          0          0          0   _printf_x.o
        10          0          0          0          0         68   _sputc.o
        12          0          0          0          0         72   exit.o
         6          0          0          0          0        152   heapauxi.o
         0          0          0          0          0          0   indicate_semi.o
         2          0          0          0          0          0   libinit.o
         6          0          0          0          0          0   libinit2.o
         2          0          0          0          0          0   libshutdown.o
         2          0          0          0          0          0   libshutdown2.o
         8          4          0          0         96         68   libspace.o
        40          6          0          0          0         84   noretval__2sprintf.o
       138          0          0          0          0         68   rt_memcpy_v6.o
       100          0          0          0          0         80   rt_memcpy_w.o
         0          0          0          0          0          0   rtentry.o
        12          0          0          0          0          0   rtentry2.o
         6          0          0          0          0          0   rtentry4.o
         2          0          0          0          0          0   rtexit.o
        10          0          0          0          0          0   rtexit2.o
        12          4          0          0          0         68   sys_exit.o
        74          0          0          0          0         80   sys_stackheap_outer.o
         2          0          0          0          0         68   use_no_semi.o
        10          0          0          0          0        116   fpinit.o

    ----------------------------------------------------------------------
      1228         50         40          0         96       1440   Library Totals
         6          0          0          0          0          0   (incl. Padding)

    ----------------------------------------------------------------------

      Code (inc. data)   RO Data    RW Data    ZI Data      Debug   Library Name

      1212         50         40          0         96       1324   c_w.l
        10          0          0          0          0        116   fz_wm.l

    ----------------------------------------------------------------------
      1228         50         40          0         96       1440   Library Totals

    ----------------------------------------------------------------------

==============================================================================


      Code (inc. data)   RO Data    RW Data    ZI Data      Debug   

     12866       2120       3994      65608     185184     418523   Grand Totals
     12866       2120       3994        588     185184     418523   ELF Image Totals (compressed)
     12866       2120       3994        588          0          0   ROM Totals

==============================================================================

    Total RO  Size (Code + RO Data)                16860 (  16.46kB)
    Total RW  Size (RW Data + ZI Data)            250792 ( 244.91kB)
    Total ROM Size (Code + RO Data + RW Data)      17448 (  17.04kB)

==============================================================================

